1.406: [GC [PSYoungGen: 15872K->1780K(18496K)] 15872K->1780K(60800K), 0.0098310 secs] [Times: user=0.02 sys=0.02, real=0.01 secs] 
1.525: [GC [PSYoungGen: 17652K->1748K(18496K)] 17652K->1748K(60800K), 0.0060620 secs] [Times: user=0.00 sys=0.00, real=0.01 secs] 
1.615: [GC [PSYoungGen: 17620K->1780K(18496K)] 17620K->1780K(60800K), 0.0046300 secs] [Times: user=0.00 sys=0.00, real=0.00 secs] 
1.704: [GC [PSYoungGen: 17652K->1764K(34368K)] 17652K->1764K(76672K), 0.0045500 secs] [Times: user=0.01 sys=0.00, real=0.00 secs] 
1.875: [GC [PSYoungGen: 33508K->1796K(34368K)] 33508K->1796K(76672K), 0.0046170 secs] [Times: user=0.00 sys=0.00, real=0.00 secs] 
2.049: [GC [PSYoungGen: 33540K->1812K(65344K)] 33540K->1812K(107648K), 0.0044220 secs] [Times: user=0.02 sys=0.00, real=0.01 secs] 
2.385: [GC [PSYoungGen: 65300K->32K(65344K)] 65300K->1769K(107648K), 0.0048910 secs] [Times: user=0.00 sys=0.00, real=0.00 secs] 
2.725: [GC [PSYoungGen: 63520K->32K(129024K)] 65257K->1769K(171328K), 0.0005700 secs] [Times: user=0.00 sys=0.00, real=0.00 secs] 
3.399: [GC [PSYoungGen: 126816K->32K(129216K)] 128553K->1769K(171520K), 0.0006550 secs] [Times: user=0.00 sys=0.00, real=0.00 secs] 
4.090: [GC [PSYoungGen: 126816K->32K(167936K)] 128553K->1769K(210240K), 0.0009380 secs] [Times: user=0.00 sys=0.00, real=0.00 secs] 
5.018: [GC [PSYoungGen: 165408K->32K(157952K)] 167145K->1769K(200256K), 0.0007370 secs] [Times: user=0.00 sys=0.00, real=0.00 secs] 
5.855: [GC [PSYoungGen: 157920K->32K(150784K)] 159657K->1769K(193088K), 0.0006580 secs] [Times: user=0.00 sys=0.00, real=0.00 secs] 
6.655: [GC [PSYoungGen: 150752K->32K(146624K)] 152489K->1769K(188928K), 0.0006170 secs] [Times: user=0.00 sys=0.00, real=0.00 secs] 
7.417: [GC [PSYoungGen: 143968K->32K(137536K)] 145705K->1769K(179840K), 0.0013990 secs] [Times: user=0.00 sys=0.00, real=0.00 secs] 
8.148: [GC [PSYoungGen: 137504K->32K(133888K)] 139241K->1769K(176192K), 0.0007740 secs] [Times: user=0.00 sys=0.00, real=0.00 secs] 
8.843: [GC [PSYoungGen: 131360K->32K(125568K)] 133097K->1769K(167872K), 0.0013280 secs] [Times: user=0.00 sys=0.00, real=0.00 secs] 
9.508: [GC [PSYoungGen: 125536K->32K(122368K)] 127273K->1769K(164672K), 0.0025430 secs] [Times: user=0.00 sys=0.00, real=0.00 secs] 
10.144: [GC [PSYoungGen: 119968K->32K(114752K)] 121705K->1769K(157056K), 0.0015860 secs] [Times: user=0.01 sys=0.00, real=0.00 secs] 
10.752: [GC [PSYoungGen: 114720K->32K(111936K)] 116457K->1769K(154240K), 0.0006880 secs] [Times: user=0.00 sys=0.00, real=0.01 secs] 
11.332: [GC [PSYoungGen: 109728K->32K(105024K)] 111465K->1769K(147328K), 0.0017670 secs] [Times: user=0.01 sys=0.00, real=0.00 secs] 
11.889: [GC [PSYoungGen: 104992K->32K(102464K)] 106729K->1769K(144768K), 0.0006930 secs] [Times: user=0.00 sys=0.00, real=0.00 secs] 
12.421: [GC [PSYoungGen: 100448K->32K(96192K)] 102185K->1769K(138496K), 0.0038970 secs] [Times: user=0.01 sys=0.00, real=0.00 secs] 
12.933: [GC [PSYoungGen: 96160K->32K(93888K)] 97897K->1769K(136192K), 0.0009740 secs] [Times: user=0.00 sys=0.01, real=0.00 secs] 
13.420: [GC [PSYoungGen: 92064K->32K(88192K)] 93801K->1769K(130496K), 0.0012810 secs] [Times: user=0.00 sys=0.00, real=0.01 secs] 
13.887: [GC [PSYoungGen: 88160K->32K(86080K)] 89897K->1769K(128384K), 0.0006060 secs] [Times: user=0.00 sys=0.00, real=0.00 secs] 
14.335: [GC [PSYoungGen: 84448K->32K(80960K)] 86185K->1769K(123264K), 0.0019440 secs] [Times: user=0.00 sys=0.00, real=0.00 secs] 
14.764: [GC [PSYoungGen: 80928K->32K(79040K)] 82665K->1769K(121344K), 0.0005930 secs] [Times: user=0.01 sys=0.00, real=0.00 secs] 
15.174: [GC [PSYoungGen: 77600K->32K(74432K)] 79337K->1769K(116736K), 0.0010780 secs] [Times: user=0.00 sys=0.00, real=0.00 secs] 
15.568: [GC [PSYoungGen: 74400K->32K(72640K)] 76137K->1769K(114944K), 0.0005300 secs] [Times: user=0.00 sys=0.00, real=0.00 secs] 
15.946: [GC [PSYoungGen: 71392K->32K(68544K)] 73129K->1769K(110848K), 0.0011840 secs] [Times: user=0.00 sys=0.00, real=0.00 secs] 
16.309: [GC [PSYoungGen: 68512K->32K(66880K)] 70249K->1769K(109184K), 0.0004880 secs] [Times: user=0.00 sys=0.00, real=0.00 secs] 
16.657: [GC [PSYoungGen: 65760K->32K(63168K)] 67497K->1769K(105472K), 0.0010290 secs] [Times: user=0.00 sys=0.00, real=0.00 secs] 
16.991: [GC [PSYoungGen: 63136K->32K(61632K)] 64873K->1769K(103936K), 0.0006110 secs] [Times: user=0.00 sys=0.00, real=0.00 secs] 
17.361: [GC [PSYoungGen: 60640K->32K(58304K)] 62377K->1769K(100608K), 0.0007060 secs] [Times: user=0.00 sys=0.01, real=0.01 secs] 
17.633: [GC [PSYoungGen: 58272K->32K(56896K)] 60009K->1769K(99200K), 0.0004380 secs] [Times: user=0.00 sys=0.00, real=0.00 secs] 
17.895: [GC [PSYoungGen: 56032K->32K(53888K)] 57769K->1769K(96192K), 0.0008090 secs] [Times: user=0.00 sys=0.00, real=0.00 secs] 
18.147: [GC [PSYoungGen: 53856K->32K(52544K)] 55593K->1769K(94848K), 0.0005580 secs] [Times: user=0.00 sys=0.00, real=0.00 secs] 
18.389: [GC [PSYoungGen: 51808K->32K(49920K)] 53545K->1769K(92224K), 0.0057520 secs] [Times: user=0.02 sys=0.00, real=0.01 secs] 
18.627: [GC [PSYoungGen: 49888K->32K(48640K)] 51625K->1769K(90944K), 0.0007830 secs] [Times: user=0.00 sys=0.00, real=0.00 secs] 
18.868: [GC [PSYoungGen: 48032K->32K(46272K)] 49769K->1769K(88576K), 0.0007440 secs] [Times: user=0.00 sys=0.00, real=0.00 secs] 
19.099: [GC [PSYoungGen: 46240K->32K(45120K)] 47977K->1769K(87424K), 0.0005580 secs] [Times: user=0.00 sys=0.00, real=0.00 secs] 
19.321: [GC [PSYoungGen: 44576K->32K(43008K)] 46313K->1769K(85312K), 0.0006850 secs] [Times: user=0.00 sys=0.00, real=0.00 secs] 
19.567: [GC [PSYoungGen: 42976K->32K(41920K)] 44713K->1769K(84224K), 0.0006500 secs] [Times: user=0.00 sys=0.00, real=0.00 secs] 
19.794: [GC [PSYoungGen: 41440K->32K(40000K)] 43177K->1769K(82304K), 0.0006790 secs] [Times: user=0.00 sys=0.00, real=0.00 secs] 
20.020: [GC [PSYoungGen: 39968K->32K(38976K)] 41705K->1769K(81280K), 0.0004410 secs] [Times: user=0.00 sys=0.00, real=0.01 secs] 
20.224: [GC [PSYoungGen: 38560K->32K(37248K)] 40297K->1769K(79552K), 0.0005970 secs] [Times: user=0.00 sys=0.00, real=0.00 secs] 
20.435: [GC [PSYoungGen: 37216K->32K(36288K)] 38953K->1769K(78592K), 0.0004680 secs] [Times: user=0.00 sys=0.00, real=0.00 secs] 
20.638: [GC [PSYoungGen: 35936K->32K(34752K)] 37673K->1769K(77056K), 0.0005910 secs] [Times: user=0.00 sys=0.00, real=0.00 secs] 
20.835: [GC [PSYoungGen: 34720K->32K(33856K)] 36457K->1769K(76160K), 0.0004060 secs] [Times: user=0.00 sys=0.00, real=0.00 secs] 
21.025: [GC [PSYoungGen: 33568K->32K(32512K)] 35305K->1769K(74816K), 0.0005620 secs] [Times: user=0.00 sys=0.00, real=0.00 secs] 
21.209: [GC [PSYoungGen: 32480K->32K(31680K)] 34217K->1769K(73984K), 0.0004320 secs] [Times: user=0.00 sys=0.00, real=0.00 secs] 
21.387: [GC [PSYoungGen: 31392K->32K(30400K)] 33129K->1769K(72704K), 0.0008010 secs] [Times: user=0.00 sys=0.00, real=0.00 secs] 
21.559: [GC [PSYoungGen: 30368K->32K(29632K)] 32105K->1769K(71936K), 0.0008570 secs] [Times: user=0.00 sys=0.00, real=0.00 secs] 
21.726: [GC [PSYoungGen: 29408K->32K(28544K)] 31145K->1769K(70848K), 0.0006970 secs] [Times: user=0.00 sys=0.00, real=0.00 secs] 
21.888: [GC [PSYoungGen: 28512K->32K(27840K)] 30249K->1769K(70144K), 0.0005050 secs] [Times: user=0.00 sys=0.00, real=0.00 secs] 
22.045: [GC [PSYoungGen: 27616K->32K(26816K)] 29353K->1769K(69120K), 0.0004640 secs] [Times: user=0.00 sys=0.00, real=0.00 secs] 
22.196: [GC [PSYoungGen: 26784K->32K(26112K)] 28521K->1769K(68416K), 0.0004910 secs] [Times: user=0.00 sys=0.00, real=0.00 secs] 
22.343: [GC [PSYoungGen: 25952K->32K(25216K)] 27689K->1769K(67520K), 0.0006470 secs] [Times: user=0.00 sys=0.00, real=0.00 secs] 
22.486: [GC [PSYoungGen: 25184K->32K(24576K)] 26921K->1769K(66880K), 0.0004270 secs] [Times: user=0.00 sys=0.00, real=0.00 secs] 
22.625: [GC [PSYoungGen: 24416K->32K(23744K)] 26153K->1769K(66048K), 0.0005870 secs] [Times: user=0.00 sys=0.00, real=0.00 secs] 
22.810: [GC [PSYoungGen: 23712K->32K(23104K)] 25449K->1769K(65408K), 0.0004030 secs] [Times: user=0.00 sys=0.00, real=0.00 secs] 
22.918: [GC [PSYoungGen: 23008K->32K(22400K)] 24745K->1769K(64704K), 0.0004890 secs] [Times: user=0.00 sys=0.00, real=0.00 secs] 
23.023: [GC [PSYoungGen: 22368K->32K(21824K)] 24105K->1769K(64128K), 0.0005080 secs] [Times: user=0.01 sys=0.00, real=0.00 secs] 
23.125: [GC [PSYoungGen: 21728K->32K(21184K)] 23465K->1769K(63488K), 0.0004580 secs] [Times: user=0.00 sys=0.00, real=0.00 secs] 
23.224: [GC [PSYoungGen: 21152K->32K(20672K)] 22889K->1769K(62976K), 0.0004070 secs] [Times: user=0.00 sys=0.00, real=0.00 secs] 
23.321: [GC [PSYoungGen: 20576K->32K(20032K)] 22313K->1769K(62336K), 0.0005840 secs] [Times: user=0.00 sys=0.00, real=0.00 secs] 
23.415: [GC [PSYoungGen: 20000K->32K(19584K)] 21737K->1769K(61888K), 0.0003470 secs] [Times: user=0.00 sys=0.00, real=0.00 secs] 
23.507: [GC [PSYoungGen: 19488K->32K(19008K)] 21225K->1769K(61312K), 0.0005160 secs] [Times: user=0.00 sys=0.00, real=0.00 secs] 
23.596: [GC [PSYoungGen: 18976K->32K(18560K)] 20713K->1769K(60864K), 0.0013840 secs] [Times: user=0.00 sys=0.00, real=0.00 secs] 
23.684: [GC [PSYoungGen: 18464K->32K(18048K)] 20201K->1769K(60352K), 0.0004270 secs] [Times: user=0.00 sys=0.00, real=0.00 secs] 
23.768: [GC [PSYoungGen: 18016K->32K(17664K)] 19753K->1769K(59968K), 0.0004550 secs] [Times: user=0.00 sys=0.00, real=0.00 secs] 
23.851: [GC [PSYoungGen: 17568K->32K(17152K)] 19305K->1769K(59456K), 0.0010230 secs] [Times: user=0.00 sys=0.00, real=0.00 secs] 
23.932: [GC [PSYoungGen: 17120K->32K(16832K)] 18857K->1769K(59136K), 0.0004010 secs] [Times: user=0.00 sys=0.00, real=0.00 secs] 
24.011: [GC [PSYoungGen: 16736K->32K(16384K)] 18473K->1769K(58688K), 0.0004100 secs] [Times: user=0.00 sys=0.00, real=0.00 secs] 
24.088: [GC [PSYoungGen: 16352K->32K(16000K)] 18089K->1769K(58304K), 0.0005240 secs] [Times: user=0.00 sys=0.00, real=0.00 secs] 
24.163: [GC [PSYoungGen: 15968K->32K(15616K)] 17705K->1769K(57920K), 0.0004420 secs] [Times: user=0.01 sys=0.00, real=0.00 secs] 
24.236: [GC [PSYoungGen: 15584K->32K(15232K)] 17321K->1769K(57536K), 0.0004230 secs] [Times: user=0.00 sys=0.00, real=0.00 secs] 
24.308: [GC [PSYoungGen: 15200K->32K(14912K)] 16937K->1769K(57216K), 0.0006650 secs] [Times: user=0.00 sys=0.00, real=0.00 secs] 
24.378: [GC [PSYoungGen: 14880K->32K(14592K)] 16617K->1769K(56896K), 0.0004310 secs] [Times: user=0.00 sys=0.00, real=0.00 secs] 
24.447: [GC [PSYoungGen: 14560K->32K(14272K)] 16297K->1769K(56576K), 0.0004400 secs] [Times: user=0.00 sys=0.00, real=0.00 secs] 
24.514: [GC [PSYoungGen: 14240K->32K(13952K)] 15977K->1769K(56256K), 0.0006440 secs] [Times: user=0.00 sys=0.00, real=0.01 secs] 
24.579: [GC [PSYoungGen: 13920K->32K(13632K)] 15657K->1769K(55936K), 0.0004320 secs] [Times: user=0.00 sys=0.00, real=0.00 secs] 
24.643: [GC [PSYoungGen: 13600K->32K(13376K)] 15337K->1769K(55680K), 0.0004360 secs] [Times: user=0.00 sys=0.00, real=0.01 secs] 
24.706: [GC [PSYoungGen: 13344K->32K(13120K)] 15081K->1769K(55424K), 0.0004260 secs] [Times: user=0.00 sys=0.00, real=0.00 secs] 
24.768: [GC [PSYoungGen: 13088K->32K(12864K)] 14825K->1769K(55168K), 0.0004000 secs] [Times: user=0.00 sys=0.00, real=0.00 secs] 
24.828: [GC [PSYoungGen: 12832K->32K(12608K)] 14569K->1769K(54912K), 0.0003840 secs] [Times: user=0.00 sys=0.00, real=0.00 secs] 
24.887: [GC [PSYoungGen: 12576K->32K(12352K)] 14313K->1769K(54656K), 0.0003850 secs] [Times: user=0.00 sys=0.00, real=0.00 secs] 
24.945: [GC [PSYoungGen: 12320K->32K(12096K)] 14057K->1769K(54400K), 0.0004940 secs] [Times: user=0.00 sys=0.00, real=0.00 secs] 
25.002: [GC [PSYoungGen: 12064K->32K(11840K)] 13801K->1769K(54144K), 0.0003740 secs] [Times: user=0.00 sys=0.00, real=0.00 secs] 
25.058: [GC [PSYoungGen: 11808K->32K(11648K)] 13545K->1769K(53952K), 0.0004540 secs] [Times: user=0.00 sys=0.00, real=0.00 secs] 
25.112: [GC [PSYoungGen: 11616K->32K(11456K)] 13353K->1769K(53760K), 0.0003870 secs] [Times: user=0.00 sys=0.00, real=0.01 secs] 
25.166: [GC [PSYoungGen: 11424K->32K(11264K)] 13161K->1769K(53568K), 0.0003860 secs] [Times: user=0.00 sys=0.00, real=0.00 secs] 
25.219: [GC [PSYoungGen: 11232K->32K(11072K)] 12969K->1769K(53376K), 0.0004280 secs] [Times: user=0.00 sys=0.00, real=0.00 secs] 
25.271: [GC [PSYoungGen: 11040K->32K(10880K)] 12777K->1769K(53184K), 0.0006220 secs] [Times: user=0.00 sys=0.00, real=0.01 secs] 
25.322: [GC [PSYoungGen: 10848K->32K(10688K)] 12585K->1769K(52992K), 0.0003880 secs] [Times: user=0.00 sys=0.00, real=0.00 secs] 
25.372: [GC [PSYoungGen: 10656K->32K(10496K)] 12393K->1769K(52800K), 0.0003800 secs] [Times: user=0.00 sys=0.00, real=0.01 secs] 
25.422: [GC [PSYoungGen: 10464K->32K(10304K)] 12201K->1769K(52608K), 0.0004430 secs] [Times: user=0.00 sys=0.00, real=0.01 secs] 
25.470: [GC [PSYoungGen: 10272K->32K(10112K)] 12009K->1769K(52416K), 0.0004160 secs] [Times: user=0.00 sys=0.00, real=0.00 secs] 
25.517: [GC [PSYoungGen: 10080K->32K(9920K)] 11817K->1769K(52224K), 0.0003950 secs] [Times: user=0.00 sys=0.00, real=0.00 secs] 
25.565: [GC [PSYoungGen: 9888K->32K(9792K)] 11625K->1769K(52096K), 0.0004120 secs] [Times: user=0.00 sys=0.00, real=0.00 secs] 
25.611: [GC [PSYoungGen: 9760K->32K(9664K)] 11497K->1769K(51968K), 0.0003640 secs] [Times: user=0.00 sys=0.00, real=0.01 secs] 
25.656: [GC [PSYoungGen: 9632K->32K(11584K)] 11369K->1769K(53888K), 0.0045380 secs] [Times: user=0.00 sys=0.00, real=0.00 secs] 
25.714: [GC [PSYoungGen: 11552K->32K(13888K)] 13289K->1769K(56192K), 0.0016930 secs] [Times: user=0.00 sys=0.00, real=0.01 secs] 
25.781: [GC [PSYoungGen: 13856K->32K(16704K)] 15593K->1769K(59008K), 0.0004850 secs] [Times: user=0.00 sys=0.00, real=0.00 secs] 
25.859: [GC [PSYoungGen: 16672K->32K(20032K)] 18409K->1769K(62336K), 0.0004210 secs] [Times: user=0.00 sys=0.00, real=0.00 secs] 
25.953: [GC [PSYoungGen: 20000K->32K(24064K)] 21737K->1769K(66368K), 0.0004220 secs] [Times: user=0.01 sys=0.00, real=0.01 secs] 
26.066: [GC [PSYoungGen: 24032K->32K(28864K)] 25769K->1769K(71168K), 0.0004180 secs] [Times: user=0.00 sys=0.00, real=0.00 secs] 
26.201: [GC [PSYoungGen: 28832K->32K(27968K)] 30569K->1769K(70272K), 0.0005970 secs] [Times: user=0.00 sys=0.00, real=0.00 secs] 
26.332: [GC [PSYoungGen: 27936K->32K(27136K)] 29673K->1769K(69440K), 0.0005550 secs] [Times: user=0.00 sys=0.00, real=0.00 secs] 
26.460: [GC [PSYoungGen: 27104K->32K(26304K)] 28841K->1769K(68608K), 0.0004480 secs] [Times: user=0.00 sys=0.00, real=0.00 secs] 
26.583: [GC [PSYoungGen: 26272K->32K(25536K)] 28009K->1769K(67840K), 0.0005680 secs] [Times: user=0.01 sys=0.00, real=0.00 secs] 
26.703: [GC [PSYoungGen: 25504K->32K(24768K)] 27241K->1769K(67072K), 0.0004290 secs] [Times: user=0.01 sys=0.00, real=0.00 secs] 
26.819: [GC [PSYoungGen: 24736K->32K(29760K)] 26473K->1769K(72064K), 0.0032190 secs] [Times: user=0.00 sys=0.00, real=0.01 secs] 
26.962: [GC [PSYoungGen: 29728K->32K(28800K)] 31465K->1769K(71104K), 0.0004270 secs] [Times: user=0.01 sys=0.00, real=0.00 secs] 
27.097: [GC [PSYoungGen: 28768K->32K(27904K)] 30505K->1769K(70208K), 0.0018590 secs] [Times: user=0.00 sys=0.00, real=0.00 secs] 
27.229: [GC [PSYoungGen: 27872K->32K(27072K)] 29609K->1769K(69376K), 0.0004540 secs] [Times: user=0.00 sys=0.00, real=0.00 secs] 
27.356: [GC [PSYoungGen: 27040K->32K(26240K)] 28777K->1769K(68544K), 0.0006700 secs] [Times: user=0.00 sys=0.00, real=0.00 secs] 
27.479: [GC [PSYoungGen: 26208K->32K(25472K)] 27945K->1769K(67776K), 0.0004980 secs] [Times: user=0.00 sys=0.00, real=0.00 secs] 
27.598: [GC [PSYoungGen: 25440K->32K(24704K)] 27177K->1769K(67008K), 0.0004950 secs] [Times: user=0.00 sys=0.00, real=0.00 secs] 
27.714: [GC [PSYoungGen: 24672K->32K(24000K)] 26409K->1769K(66304K), 0.0014060 secs] [Times: user=0.00 sys=0.00, real=0.00 secs] 
27.828: [GC [PSYoungGen: 23968K->32K(23296K)] 25705K->1769K(65600K), 0.0004720 secs] [Times: user=0.00 sys=0.00, real=0.00 secs] 
27.937: [GC [PSYoungGen: 23264K->32K(22656K)] 25001K->1769K(64960K), 0.0007800 secs] [Times: user=0.00 sys=0.00, real=0.00 secs] 
28.043: [GC [PSYoungGen: 22624K->32K(22016K)] 24361K->1769K(64320K), 0.0003650 secs] [Times: user=0.00 sys=0.00, real=0.00 secs] 
28.146: [GC [PSYoungGen: 21984K->32K(21440K)] 23721K->1769K(63744K), 0.0004590 secs] [Times: user=0.00 sys=0.00, real=0.00 secs] 
28.247: [GC [PSYoungGen: 21408K->32K(20864K)] 23145K->1769K(63168K), 0.0004730 secs] [Times: user=0.00 sys=0.00, real=0.00 secs] 
28.345: [GC [PSYoungGen: 20832K->32K(20288K)] 22569K->1769K(62592K), 0.0006400 secs] [Times: user=0.00 sys=0.00, real=0.00 secs] 
28.488: [GC [PSYoungGen: 20256K->32K(19776K)] 21993K->1769K(62080K), 0.0004970 secs] [Times: user=0.00 sys=0.00, real=0.00 secs] 
28.603: [GC [PSYoungGen: 19744K->32K(19264K)] 21481K->1769K(61568K), 0.0004410 secs] [Times: user=0.00 sys=0.00, real=0.00 secs] 
28.708: [GC [PSYoungGen: 19232K->32K(18752K)] 20969K->1769K(61056K), 0.0005140 secs] [Times: user=0.00 sys=0.00, real=0.00 secs] 
28.814: [GC [PSYoungGen: 18720K->32K(18304K)] 20457K->1769K(60608K), 0.0005090 secs] [Times: user=0.00 sys=0.00, real=0.00 secs] 
28.911: [GC [PSYoungGen: 18272K->32K(17856K)] 20009K->1769K(60160K), 0.0005480 secs] [Times: user=0.00 sys=0.00, real=0.01 secs] 
29.006: [GC [PSYoungGen: 17824K->32K(17408K)] 19561K->1769K(59712K), 0.0004310 secs] [Times: user=0.00 sys=0.00, real=0.00 secs] 
29.098: [GC [PSYoungGen: 17376K->32K(16960K)] 19113K->1769K(59264K), 0.0005650 secs] [Times: user=0.00 sys=0.00, real=0.00 secs] 
29.188: [GC [PSYoungGen: 16928K->32K(16576K)] 18665K->1769K(58880K), 0.0004880 secs] [Times: user=0.00 sys=0.00, real=0.00 secs] 
29.275: [GC [PSYoungGen: 16544K->32K(16192K)] 18281K->1769K(58496K), 0.0009290 secs] [Times: user=0.00 sys=0.00, real=0.00 secs] 
29.361: [GC [PSYoungGen: 16160K->32K(15808K)] 17897K->1769K(58112K), 0.0006110 secs] [Times: user=0.00 sys=0.00, real=0.01 secs] 
29.445: [GC [PSYoungGen: 15776K->32K(15424K)] 17513K->1769K(57728K), 0.0005330 secs] [Times: user=0.00 sys=0.00, real=0.00 secs] 
29.526: [GC [PSYoungGen: 15392K->32K(15104K)] 17129K->1769K(57408K), 0.0005530 secs] [Times: user=0.00 sys=0.00, real=0.00 secs] 
29.606: [GC [PSYoungGen: 15072K->32K(14784K)] 16809K->1769K(57088K), 0.0006270 secs] [Times: user=0.00 sys=0.00, real=0.00 secs] 
29.685: [GC [PSYoungGen: 14752K->32K(14464K)] 16489K->1769K(56768K), 0.0007800 secs] [Times: user=0.00 sys=0.00, real=0.00 secs] 
29.762: [GC [PSYoungGen: 14432K->32K(14144K)] 16169K->1769K(56448K), 0.0006330 secs] [Times: user=0.01 sys=0.00, real=0.01 secs] 
29.837: [GC [PSYoungGen: 14112K->32K(13824K)] 15849K->1769K(56128K), 0.0008300 secs] [Times: user=0.00 sys=0.00, real=0.00 secs] 
29.910: [GC [PSYoungGen: 13792K->32K(13568K)] 15529K->1769K(55872K), 0.0005220 secs] [Times: user=0.00 sys=0.01, real=0.01 secs] 
29.982: [GC [PSYoungGen: 13536K->32K(13312K)] 15273K->1769K(55616K), 0.0004960 secs] [Times: user=0.00 sys=0.00, real=0.00 secs] 
30.052: [GC [PSYoungGen: 13280K->32K(13056K)] 15017K->1769K(55360K), 0.0003850 secs] [Times: user=0.00 sys=0.00, real=0.00 secs] 
30.121: [GC [PSYoungGen: 13024K->32K(12800K)] 14761K->1769K(55104K), 0.0006150 secs] [Times: user=0.00 sys=0.01, real=0.00 secs] 
30.189: [GC [PSYoungGen: 12768K->32K(12544K)] 14505K->1769K(54848K), 0.0005540 secs] [Times: user=0.00 sys=0.00, real=0.00 secs] 
30.255: [GC [PSYoungGen: 12512K->32K(12288K)] 14249K->1769K(54592K), 0.0004000 secs] [Times: user=0.00 sys=0.00, real=0.00 secs] 
30.320: [GC [PSYoungGen: 12256K->32K(12032K)] 13993K->1769K(54336K), 0.0005030 secs] [Times: user=0.01 sys=0.00, real=0.01 secs] 
30.384: [GC [PSYoungGen: 12000K->32K(11776K)] 13737K->1769K(54080K), 0.0004450 secs] [Times: user=0.00 sys=0.00, real=0.00 secs] 
30.446: [GC [PSYoungGen: 11744K->32K(11584K)] 13481K->1769K(53888K), 0.0004040 secs] [Times: user=0.00 sys=0.00, real=0.00 secs] 
30.508: [GC [PSYoungGen: 11552K->32K(11392K)] 13289K->1769K(53696K), 0.0008220 secs] [Times: user=0.00 sys=0.00, real=0.00 secs] 
30.568: [GC [PSYoungGen: 11360K->32K(13696K)] 13097K->1769K(56000K), 0.0025520 secs] [Times: user=0.00 sys=0.00, real=0.01 secs] 
30.643: [GC [PSYoungGen: 13664K->32K(16448K)] 15401K->1769K(58752K), 0.0003380 secs] [Times: user=0.00 sys=0.00, real=0.00 secs] 
30.729: [GC [PSYoungGen: 16416K->32K(19776K)] 18153K->1769K(62080K), 0.0003270 secs] [Times: user=0.00 sys=0.00, real=0.00 secs] 
30.834: [GC [PSYoungGen: 19744K->32K(19264K)] 21481K->1769K(61568K), 0.0004660 secs] [Times: user=0.00 sys=0.00, real=0.00 secs] 
30.936: [GC [PSYoungGen: 19232K->32K(18752K)] 20969K->1769K(61056K), 0.0005110 secs] [Times: user=0.00 sys=0.00, real=0.00 secs] 
31.035: [GC [PSYoungGen: 18720K->32K(18304K)] 20457K->1769K(60608K), 0.0004420 secs] [Times: user=0.00 sys=0.00, real=0.00 secs] 
31.131: [GC [PSYoungGen: 18272K->32K(17856K)] 20009K->1769K(60160K), 0.0003790 secs] [Times: user=0.00 sys=0.00, real=0.00 secs] 
31.226: [GC [PSYoungGen: 17824K->32K(17408K)] 19561K->1769K(59712K), 0.0002910 secs] [Times: user=0.00 sys=0.00, real=0.00 secs] 
31.317: [GC [PSYoungGen: 17376K->32K(16960K)] 19113K->1769K(59264K), 0.0003860 secs] [Times: user=0.00 sys=0.00, real=0.00 secs] 
31.407: [GC [PSYoungGen: 16928K->32K(16576K)] 18665K->1769K(58880K), 0.0004270 secs] [Times: user=0.00 sys=0.00, real=0.00 secs] 
31.495: [GC [PSYoungGen: 16544K->32K(16192K)] 18281K->1769K(58496K), 0.0004450 secs] [Times: user=0.00 sys=0.00, real=0.00 secs] 
31.580: [GC [PSYoungGen: 16160K->32K(15808K)] 17897K->1769K(58112K), 0.0004040 secs] [Times: user=0.00 sys=0.00, real=0.00 secs] 
31.663: [GC [PSYoungGen: 15776K->32K(15424K)] 17513K->1769K(57728K), 0.0004120 secs] [Times: user=0.00 sys=0.00, real=0.00 secs] 
31.745: [GC [PSYoungGen: 15392K->32K(15104K)] 17129K->1769K(57408K), 0.0003770 secs] [Times: user=0.00 sys=0.00, real=0.00 secs] 
31.824: [GC [PSYoungGen: 15072K->32K(14784K)] 16809K->1769K(57088K), 0.0003690 secs] [Times: user=0.00 sys=0.00, real=0.00 secs] 
31.902: [GC [PSYoungGen: 14752K->32K(14464K)] 16489K->1769K(56768K), 0.0004150 secs] [Times: user=0.00 sys=0.00, real=0.00 secs] 
31.979: [GC [PSYoungGen: 14432K->32K(14144K)] 16169K->1769K(56448K), 0.0004250 secs] [Times: user=0.00 sys=0.00, real=0.00 secs] 
32.053: [GC [PSYoungGen: 14112K->32K(13824K)] 15849K->1769K(56128K), 0.0003800 secs] [Times: user=0.00 sys=0.00, real=0.00 secs] 
32.127: [GC [PSYoungGen: 13792K->32K(13568K)] 15529K->1769K(55872K), 0.0005720 secs] [Times: user=0.00 sys=0.00, real=0.00 secs] 
32.198: [GC [PSYoungGen: 13536K->32K(13312K)] 15273K->1769K(55616K), 0.0003730 secs] [Times: user=0.00 sys=0.00, real=0.00 secs] 
32.268: [GC [PSYoungGen: 13280K->32K(13056K)] 15017K->1769K(55360K), 0.0004140 secs] [Times: user=0.00 sys=0.00, real=0.00 secs] 
32.337: [GC [PSYoungGen: 13024K->32K(12800K)] 14761K->1769K(55104K), 0.0004450 secs] [Times: user=0.00 sys=0.00, real=0.00 secs] 
32.405: [GC [PSYoungGen: 12768K->32K(12544K)] 14505K->1769K(54848K), 0.0005060 secs] [Times: user=0.00 sys=0.00, real=0.00 secs] 
32.472: [GC [PSYoungGen: 12512K->32K(12288K)] 14249K->1769K(54592K), 0.0005190 secs] [Times: user=0.00 sys=0.00, real=0.00 secs] 
32.537: [GC [PSYoungGen: 12256K->32K(12032K)] 13993K->1769K(54336K), 0.0005790 secs] [Times: user=0.00 sys=0.00, real=0.00 secs] 
32.601: [GC [PSYoungGen: 12000K->32K(11776K)] 13737K->1769K(54080K), 0.0005050 secs] [Times: user=0.00 sys=0.01, real=0.01 secs] 
32.663: [GC [PSYoungGen: 11744K->32K(11584K)] 13481K->1769K(53888K), 0.0007230 secs] [Times: user=0.01 sys=0.00, real=0.01 secs] 
32.724: [GC [PSYoungGen: 11552K->32K(11392K)] 13289K->1769K(53696K), 0.0004040 secs] [Times: user=0.00 sys=0.00, real=0.00 secs] 
32.784: [GC [PSYoungGen: 11360K->32K(11200K)] 13097K->1769K(53504K), 0.0003970 secs] [Times: user=0.00 sys=0.00, real=0.00 secs] 
32.843: [GC [PSYoungGen: 11168K->32K(11008K)] 12905K->1769K(53312K), 0.0012000 secs] [Times: user=0.00 sys=0.00, real=0.00 secs] 
32.902: [GC [PSYoungGen: 10976K->32K(10816K)] 12713K->1769K(53120K), 0.0004940 secs] [Times: user=0.00 sys=0.00, real=0.00 secs] 
32.959: [GC [PSYoungGen: 10784K->32K(10624K)] 12521K->1769K(52928K), 0.0004680 secs] [Times: user=0.00 sys=0.00, real=0.00 secs] 
33.016: [GC [PSYoungGen: 10592K->32K(10432K)] 12329K->1769K(52736K), 0.0004130 secs] [Times: user=0.00 sys=0.00, real=0.00 secs] 
33.071: [GC [PSYoungGen: 10400K->32K(10240K)] 12137K->1769K(52544K), 0.0004470 secs] [Times: user=0.00 sys=0.00, real=0.00 secs] 
33.125: [GC [PSYoungGen: 10208K->32K(10048K)] 11945K->1769K(52352K), 0.0004440 secs] [Times: user=0.00 sys=0.00, real=0.00 secs] 
33.178: [GC [PSYoungGen: 10016K->32K(9856K)] 11753K->1769K(52160K), 0.0004410 secs] [Times: user=0.00 sys=0.00, real=0.00 secs] 
33.230: [GC [PSYoungGen: 9824K->32K(9728K)] 11561K->1769K(52032K), 0.0003770 secs] [Times: user=0.00 sys=0.00, real=0.00 secs] 
33.281: [GC [PSYoungGen: 9696K->32K(9600K)] 11433K->1769K(51904K), 0.0004690 secs] [Times: user=0.00 sys=0.00, real=0.00 secs] 
33.332: [GC [PSYoungGen: 9568K->32K(9472K)] 11305K->1769K(51776K), 0.0005320 secs] [Times: user=0.00 sys=0.00, real=0.00 secs] 
33.382: [GC [PSYoungGen: 9440K->32K(9344K)] 11177K->1769K(51648K), 0.0003110 secs] [Times: user=0.00 sys=0.00, real=0.00 secs] 
33.431: [GC [PSYoungGen: 9312K->32K(9216K)] 11049K->1769K(51520K), 0.0004170 secs] [Times: user=0.00 sys=0.00, real=0.00 secs] 
33.480: [GC [PSYoungGen: 9184K->32K(9088K)] 10921K->1769K(51392K), 0.0004490 secs] [Times: user=0.00 sys=0.00, real=0.00 secs] 
33.528: [GC [PSYoungGen: 9056K->32K(8960K)] 10793K->1769K(51264K), 0.0003620 secs] [Times: user=0.00 sys=0.00, real=0.00 secs] 
33.575: [GC [PSYoungGen: 8928K->32K(8832K)] 10665K->1769K(51136K), 0.0004170 secs] [Times: user=0.00 sys=0.00, real=0.00 secs] 
33.622: [GC [PSYoungGen: 8800K->32K(8704K)] 10537K->1769K(51008K), 0.0003530 secs] [Times: user=0.00 sys=0.00, real=0.00 secs] 
33.668: [GC [PSYoungGen: 8672K->32K(8576K)] 10409K->1769K(50880K), 0.0003650 secs] [Times: user=0.00 sys=0.00, real=0.00 secs] 
33.713: [GC [PSYoungGen: 8544K->32K(8448K)] 10281K->1769K(50752K), 0.0004030 secs] [Times: user=0.01 sys=0.00, real=0.00 secs] 
33.757: [GC [PSYoungGen: 8416K->32K(8320K)] 10153K->1769K(50624K), 0.0004010 secs] [Times: user=0.00 sys=0.00, real=0.00 secs] 
33.801: [GC [PSYoungGen: 8288K->32K(8192K)] 10025K->1769K(50496K), 0.0005210 secs] [Times: user=0.00 sys=0.00, real=0.00 secs] 
33.844: [GC [PSYoungGen: 8160K->32K(8064K)] 9897K->1769K(50368K), 0.0004280 secs] [Times: user=0.00 sys=0.00, real=0.00 secs] 
33.887: [GC [PSYoungGen: 8032K->32K(7936K)] 9769K->1769K(50240K), 0.0004010 secs] [Times: user=0.00 sys=0.00, real=0.00 secs] 
33.929: [GC [PSYoungGen: 7904K->32K(7808K)] 9641K->1769K(50112K), 0.0003000 secs] [Times: user=0.00 sys=0.00, real=0.00 secs] 
33.970: [GC [PSYoungGen: 7776K->32K(7744K)] 9513K->1769K(50048K), 0.0004640 secs] [Times: user=0.00 sys=0.00, real=0.00 secs] 
34.011: [GC [PSYoungGen: 7712K->32K(7680K)] 9449K->1769K(49984K), 0.0003670 secs] [Times: user=0.00 sys=0.01, real=0.01 secs] 
34.051: [GC [PSYoungGen: 7648K->32K(7616K)] 9385K->1769K(49920K), 0.0004610 secs] [Times: user=0.00 sys=0.00, real=0.00 secs] 
34.091: [GC [PSYoungGen: 7584K->32K(7552K)] 9321K->1769K(49856K), 0.0004930 secs] [Times: user=0.00 sys=0.00, real=0.01 secs] 
34.131: [GC [PSYoungGen: 7520K->32K(7488K)] 9257K->1769K(49792K), 0.0003720 secs] [Times: user=0.00 sys=0.00, real=0.00 secs] 
34.171: [GC [PSYoungGen: 7456K->32K(7424K)] 9193K->1769K(49728K), 0.0003020 secs] [Times: user=0.00 sys=0.00, real=0.00 secs] 
34.210: [GC [PSYoungGen: 7392K->32K(7360K)] 9129K->1769K(49664K), 0.0003380 secs] [Times: user=0.00 sys=0.00, real=0.00 secs] 
34.249: [GC [PSYoungGen: 7328K->32K(7296K)] 9065K->1769K(49600K), 0.0004820 secs] [Times: user=0.00 sys=0.00, real=0.00 secs] 
34.287: [GC [PSYoungGen: 7264K->32K(7232K)] 9001K->1769K(49536K), 0.0004200 secs] [Times: user=0.00 sys=0.00, real=0.00 secs] 
34.325: [GC [PSYoungGen: 7200K->32K(7168K)] 8937K->1769K(49472K), 0.0003980 secs] [Times: user=0.00 sys=0.00, real=0.00 secs] 
34.363: [GC [PSYoungGen: 7136K->32K(7104K)] 8873K->1769K(49408K), 0.0003710 secs] [Times: user=0.01 sys=0.00, real=0.00 secs] 
34.400: [GC [PSYoungGen: 7072K->32K(7040K)] 8809K->1769K(49344K), 0.0003870 secs] [Times: user=0.00 sys=0.00, real=0.00 secs] 
34.437: [GC [PSYoungGen: 7008K->32K(6976K)] 8745K->1769K(49280K), 0.0004070 secs] [Times: user=0.00 sys=0.00, real=0.00 secs] 
34.475: [GC [PSYoungGen: 6944K->32K(6912K)] 8681K->1769K(49216K), 0.0005580 secs] [Times: user=0.00 sys=0.00, real=0.00 secs] 
34.511: [GC [PSYoungGen: 6880K->32K(6848K)] 8617K->1769K(49152K), 0.0003310 secs] [Times: user=0.00 sys=0.00, real=0.00 secs] 
34.547: [GC [PSYoungGen: 6816K->32K(6784K)] 8553K->1769K(49088K), 0.0004630 secs] [Times: user=0.00 sys=0.00, real=0.00 secs] 
34.583: [GC [PSYoungGen: 6752K->32K(6720K)] 8489K->1769K(49024K), 0.0003780 secs] [Times: user=0.00 sys=0.00, real=0.00 secs] 
34.618: [GC [PSYoungGen: 6688K->32K(6656K)] 8425K->1769K(48960K), 0.0004010 secs] [Times: user=0.00 sys=0.00, real=0.00 secs] 
34.653: [GC [PSYoungGen: 6624K->32K(6592K)] 8361K->1769K(48896K), 0.0003910 secs] [Times: user=0.01 sys=0.00, real=0.00 secs] 
34.688: [GC [PSYoungGen: 6560K->32K(6528K)] 8297K->1769K(48832K), 0.0004320 secs] [Times: user=0.00 sys=0.00, real=0.00 secs] 
34.722: [GC [PSYoungGen: 6496K->32K(7872K)] 8233K->1769K(50176K), 0.0004960 secs] [Times: user=0.00 sys=0.00, real=0.00 secs] 
34.763: [GC [PSYoungGen: 7840K->32K(7744K)] 9577K->1769K(50048K), 0.0003200 secs] [Times: user=0.00 sys=0.00, real=0.00 secs] 
34.804: [GC [PSYoungGen: 7712K->32K(7680K)] 9449K->1769K(49984K), 0.0004090 secs] [Times: user=0.01 sys=0.00, real=0.00 secs] 
34.845: [GC [PSYoungGen: 7648K->32K(7616K)] 9385K->1769K(49920K), 0.0003650 secs] [Times: user=0.00 sys=0.00, real=0.00 secs] 
34.885: [GC [PSYoungGen: 7584K->32K(7552K)] 9321K->1769K(49856K), 0.0004490 secs] [Times: user=0.00 sys=0.00, real=0.00 secs] 
34.925: [GC [PSYoungGen: 7520K->32K(7488K)] 9257K->1769K(49792K), 0.0005090 secs] [Times: user=0.00 sys=0.00, real=0.00 secs] 
34.964: [GC [PSYoungGen: 7456K->32K(7424K)] 9193K->1769K(49728K), 0.0004340 secs] [Times: user=0.00 sys=0.00, real=0.00 secs] 
35.003: [GC [PSYoungGen: 7392K->32K(7360K)] 9129K->1769K(49664K), 0.0004120 secs] [Times: user=0.00 sys=0.00, real=0.00 secs] 
35.042: [GC [PSYoungGen: 7328K->32K(7296K)] 9065K->1769K(49600K), 0.0003720 secs] [Times: user=0.00 sys=0.00, real=0.00 secs] 
35.080: [GC [PSYoungGen: 7264K->32K(7232K)] 9001K->1769K(49536K), 0.0006110 secs] [Times: user=0.01 sys=0.00, real=0.01 secs] 
35.119: [GC [PSYoungGen: 7200K->32K(8704K)] 8937K->1769K(51008K), 0.0005510 secs] [Times: user=0.00 sys=0.00, real=0.00 secs] 
35.165: [GC [PSYoungGen: 8672K->32K(10432K)] 10409K->1769K(52736K), 0.0020650 secs] [Times: user=0.00 sys=0.00, real=0.00 secs] 
35.226: [GC [PSYoungGen: 10400K->32K(12544K)] 12137K->1769K(54848K), 0.0006070 secs] [Times: user=0.00 sys=0.00, real=0.00 secs] 
35.292: [GC [PSYoungGen: 12512K->32K(15040K)] 14249K->1769K(57344K), 0.0004420 secs] [Times: user=0.00 sys=0.00, real=0.00 secs] 
35.372: [GC [PSYoungGen: 15008K->32K(18048K)] 16745K->1769K(60352K), 0.0005660 secs] [Times: user=0.00 sys=0.00, real=0.00 secs] 
35.467: [GC [PSYoungGen: 18016K->32K(17600K)] 19753K->1769K(59904K), 0.0004740 secs] [Times: user=0.00 sys=0.00, real=0.00 secs] 
35.560: [GC [PSYoungGen: 17568K->32K(17152K)] 19305K->1769K(59456K), 0.0005140 secs] [Times: user=0.00 sys=0.00, real=0.01 secs] 
35.651: [GC [PSYoungGen: 17120K->32K(16768K)] 18857K->1769K(59072K), 0.0004370 secs] [Times: user=0.00 sys=0.00, real=0.01 secs] 
35.740: [GC [PSYoungGen: 16736K->32K(16384K)] 18473K->1769K(58688K), 0.0005710 secs] [Times: user=0.00 sys=0.00, real=0.00 secs] 
35.827: [GC [PSYoungGen: 16352K->32K(16000K)] 18089K->1769K(58304K), 0.0004040 secs] [Times: user=0.00 sys=0.00, real=0.00 secs] 
35.911: [GC [PSYoungGen: 15968K->32K(15616K)] 17705K->1769K(57920K), 0.0003900 secs] [Times: user=0.00 sys=0.00, real=0.01 secs] 
35.993: [GC [PSYoungGen: 15584K->32K(15232K)] 17321K->1769K(57536K), 0.0004090 secs] [Times: user=0.00 sys=0.00, real=0.00 secs] 
36.074: [GC [PSYoungGen: 15200K->32K(14912K)] 16937K->1769K(57216K), 0.0006020 secs] [Times: user=0.00 sys=0.00, real=0.00 secs] 
36.153: [GC [PSYoungGen: 14880K->32K(14592K)] 16617K->1769K(56896K), 0.0005610 secs] [Times: user=0.01 sys=0.00, real=0.01 secs] 
36.230: [GC [PSYoungGen: 14560K->32K(14272K)] 16297K->1769K(56576K), 0.0003940 secs] [Times: user=0.00 sys=0.00, real=0.00 secs] 
36.305: [GC [PSYoungGen: 14240K->32K(13952K)] 15977K->1769K(56256K), 0.0005160 secs] [Times: user=0.00 sys=0.00, real=0.00 secs] 
36.380: [GC [PSYoungGen: 13920K->32K(13632K)] 15657K->1769K(55936K), 0.0005440 secs] [Times: user=0.00 sys=0.00, real=0.00 secs] 
36.453: [GC [PSYoungGen: 13600K->32K(13376K)] 15337K->1769K(55680K), 0.0005500 secs] [Times: user=0.01 sys=0.00, real=0.01 secs] 
36.524: [GC [PSYoungGen: 13344K->32K(13120K)] 15081K->1769K(55424K), 0.0006760 secs] [Times: user=0.01 sys=0.00, real=0.00 secs] 
36.593: [GC [PSYoungGen: 13088K->32K(12864K)] 14825K->1769K(55168K), 0.0005020 secs] [Times: user=0.00 sys=0.00, real=0.00 secs] 
36.661: [GC [PSYoungGen: 12832K->32K(12608K)] 14569K->1769K(54912K), 0.0004590 secs] [Times: user=0.00 sys=0.00, real=0.00 secs] 
36.728: [GC [PSYoungGen: 12576K->32K(12352K)] 14313K->1769K(54656K), 0.0004430 secs] [Times: user=0.00 sys=0.00, real=0.00 secs] 
36.793: [GC [PSYoungGen: 12320K->32K(12096K)] 14057K->1769K(54400K), 0.0004940 secs] [Times: user=0.00 sys=0.01, real=0.00 secs] 
36.857: [GC [PSYoungGen: 12064K->32K(11840K)] 13801K->1769K(54144K), 0.0004510 secs] [Times: user=0.00 sys=0.00, real=0.00 secs] 
36.919: [GC [PSYoungGen: 11808K->32K(11648K)] 13545K->1769K(53952K), 0.0005060 secs] [Times: user=0.00 sys=0.00, real=0.00 secs] 
36.981: [GC [PSYoungGen: 11616K->32K(11456K)] 13353K->1769K(53760K), 0.0004330 secs] [Times: user=0.00 sys=0.00, real=0.00 secs] 
37.041: [GC [PSYoungGen: 11424K->32K(11264K)] 13161K->1769K(53568K), 0.0004970 secs] [Times: user=0.01 sys=0.00, real=0.00 secs] 
37.101: [GC [PSYoungGen: 11232K->32K(11072K)] 12969K->1769K(53376K), 0.0003910 secs] [Times: user=0.00 sys=0.00, real=0.00 secs] 
37.159: [GC [PSYoungGen: 11040K->32K(10880K)] 12777K->1769K(53184K), 0.0004720 secs] [Times: user=0.00 sys=0.00, real=0.00 secs] 
37.217: [GC [PSYoungGen: 10848K->32K(10688K)] 12585K->1769K(52992K), 0.0004410 secs] [Times: user=0.00 sys=0.00, real=0.00 secs] 
37.274: [GC [PSYoungGen: 10656K->32K(10496K)] 12393K->1769K(52800K), 0.0006920 secs] [Times: user=0.00 sys=0.00, real=0.00 secs] 
37.329: [GC [PSYoungGen: 10464K->32K(10304K)] 12201K->1769K(52608K), 0.0010920 secs] [Times: user=0.00 sys=0.00, real=0.00 secs] 
37.384: [GC [PSYoungGen: 10272K->32K(10112K)] 12009K->1769K(52416K), 0.0003510 secs] [Times: user=0.01 sys=0.00, real=0.00 secs] 
37.438: [GC [PSYoungGen: 10080K->32K(9920K)] 11817K->1769K(52224K), 0.0004400 secs] [Times: user=0.00 sys=0.00, real=0.00 secs] 
37.494: [GC [PSYoungGen: 9888K->32K(9792K)] 11625K->1769K(52096K), 0.0003370 secs] [Times: user=0.00 sys=0.00, real=0.00 secs] 
37.545: [GC [PSYoungGen: 9760K->32K(9664K)] 11497K->1769K(51968K), 0.0003990 secs] [Times: user=0.00 sys=0.00, real=0.00 secs] 
37.600: [GC [PSYoungGen: 9632K->32K(9536K)] 11369K->1769K(51840K), 0.0004510 secs] [Times: user=0.00 sys=0.00, real=0.00 secs] 
37.654: [GC [PSYoungGen: 9504K->32K(9408K)] 11241K->1769K(51712K), 0.0003750 secs] [Times: user=0.00 sys=0.00, real=0.00 secs] 
37.707: [GC [PSYoungGen: 9376K->32K(9280K)] 11113K->1769K(51584K), 0.0003910 secs] [Times: user=0.00 sys=0.00, real=0.00 secs] 
37.759: [GC [PSYoungGen: 9248K->32K(9152K)] 10985K->1769K(51456K), 0.0003570 secs] [Times: user=0.00 sys=0.00, real=0.00 secs] 
37.811: [GC [PSYoungGen: 9120K->32K(9024K)] 10857K->1769K(51328K), 0.0004370 secs] [Times: user=0.00 sys=0.00, real=0.00 secs] 
37.862: [GC [PSYoungGen: 8992K->32K(8896K)] 10729K->1769K(51200K), 0.0005750 secs] [Times: user=0.01 sys=0.00, real=0.01 secs] 
37.912: [GC [PSYoungGen: 8864K->32K(8768K)] 10601K->1769K(51072K), 0.0003630 secs] [Times: user=0.00 sys=0.00, real=0.01 secs] 
37.962: [GC [PSYoungGen: 8736K->32K(8640K)] 10473K->1769K(50944K), 0.0003420 secs] [Times: user=0.01 sys=0.00, real=0.01 secs] 
38.010: [GC [PSYoungGen: 8608K->32K(8512K)] 10345K->1769K(50816K), 0.0004070 secs] [Times: user=0.01 sys=0.00, real=0.01 secs] 
38.056: [GC [PSYoungGen: 8480K->32K(8384K)] 10217K->1769K(50688K), 0.0003860 secs] [Times: user=0.00 sys=0.00, real=0.00 secs] 
38.104: [GC [PSYoungGen: 8352K->32K(8256K)] 10089K->1769K(50560K), 0.0005680 secs] [Times: user=0.00 sys=0.00, real=0.00 secs] 
38.155: [GC [PSYoungGen: 8224K->32K(8128K)] 9961K->1769K(50432K), 0.0004860 secs] [Times: user=0.00 sys=0.00, real=0.00 secs] 
38.203: [GC [PSYoungGen: 8096K->32K(8000K)] 9833K->1769K(50304K), 0.0005220 secs] [Times: user=0.00 sys=0.00, real=0.00 secs] 
38.246: [GC [PSYoungGen: 7968K->32K(7872K)] 9705K->1769K(50176K), 0.0004640 secs] [Times: user=0.00 sys=0.00, real=0.00 secs] 
38.291: [GC [PSYoungGen: 7840K->32K(7744K)] 9577K->1769K(50048K), 0.0005230 secs] [Times: user=0.00 sys=0.00, real=0.01 secs] 
38.333: [GC [PSYoungGen: 7712K->32K(7680K)] 9449K->1769K(49984K), 0.0004860 secs] [Times: user=0.00 sys=0.00, real=0.00 secs] 
38.374: [GC [PSYoungGen: 7648K->32K(7616K)] 9385K->1769K(49920K), 0.0004810 secs] [Times: user=0.00 sys=0.00, real=0.00 secs] 
38.417: [GC [PSYoungGen: 7584K->32K(7552K)] 9321K->1769K(49856K), 0.0004740 secs] [Times: user=0.00 sys=0.00, real=0.00 secs] 
38.460: [GC [PSYoungGen: 7520K->32K(9088K)] 9257K->1769K(51392K), 0.0006640 secs] [Times: user=0.00 sys=0.00, real=0.00 secs] 
38.509: [GC [PSYoungGen: 9056K->32K(10944K)] 10793K->1769K(53248K), 0.0005310 secs] [Times: user=0.00 sys=0.00, real=0.00 secs] 
38.567: [GC [PSYoungGen: 10912K->32K(10752K)] 12649K->1769K(53056K), 0.0005070 secs] [Times: user=0.00 sys=0.00, real=0.00 secs] 
38.625: [GC [PSYoungGen: 10720K->32K(10560K)] 12457K->1769K(52864K), 0.0003740 secs] [Times: user=0.00 sys=0.00, real=0.00 secs] 
38.685: [GC [PSYoungGen: 10528K->32K(10368K)] 12265K->1769K(52672K), 0.0005280 secs] [Times: user=0.00 sys=0.00, real=0.00 secs] 
38.741: [GC [PSYoungGen: 10336K->32K(10176K)] 12073K->1769K(52480K), 0.0004980 secs] [Times: user=0.00 sys=0.00, real=0.01 secs] 
38.795: [GC [PSYoungGen: 10144K->32K(9984K)] 11881K->1769K(52288K), 0.0004140 secs] [Times: user=0.00 sys=0.00, real=0.00 secs] 
38.849: [GC [PSYoungGen: 9952K->32K(9856K)] 11689K->1769K(52160K), 0.0005070 secs] [Times: user=0.00 sys=0.00, real=0.00 secs] 
38.905: [GC [PSYoungGen: 9824K->32K(9728K)] 11561K->1769K(52032K), 0.0005010 secs] [Times: user=0.00 sys=0.00, real=0.00 secs] 
38.957: [GC [PSYoungGen: 9696K->32K(9600K)] 11433K->1769K(51904K), 0.0005230 secs] [Times: user=0.00 sys=0.00, real=0.00 secs] 
39.009: [GC [PSYoungGen: 9568K->32K(9472K)] 11305K->1769K(51776K), 0.0003660 secs] [Times: user=0.00 sys=0.00, real=0.00 secs] 
39.059: [GC [PSYoungGen: 9440K->32K(9344K)] 11177K->1769K(51648K), 0.0005110 secs] [Times: user=0.00 sys=0.00, real=0.00 secs] 
39.110: [GC [PSYoungGen: 9312K->32K(9216K)] 11049K->1769K(51520K), 0.0005590 secs] [Times: user=0.00 sys=0.00, real=0.00 secs] 
39.158: [GC [PSYoungGen: 9184K->32K(9088K)] 10921K->1769K(51392K), 0.0004910 secs] [Times: user=0.00 sys=0.00, real=0.00 secs] 
39.210: [GC [PSYoungGen: 9056K->32K(8960K)] 10793K->1769K(51264K), 0.0005390 secs] [Times: user=0.00 sys=0.00, real=0.00 secs] 
39.261: [GC [PSYoungGen: 8928K->32K(8832K)] 10665K->1769K(51136K), 0.0005150 secs] [Times: user=0.00 sys=0.00, real=0.01 secs] 
39.309: [GC [PSYoungGen: 8800K->32K(8704K)] 10537K->1769K(51008K), 0.0005320 secs] [Times: user=0.00 sys=0.00, real=0.00 secs] 
39.356: [GC [PSYoungGen: 8672K->32K(8576K)] 10409K->1769K(50880K), 0.0004840 secs] [Times: user=0.00 sys=0.00, real=0.00 secs] 
39.405: [GC [PSYoungGen: 8544K->32K(8448K)] 10281K->1769K(50752K), 0.0004940 secs] [Times: user=0.00 sys=0.00, real=0.00 secs] 
39.453: [GC [PSYoungGen: 8416K->32K(8320K)] 10153K->1769K(50624K), 0.0004560 secs] [Times: user=0.00 sys=0.00, real=0.00 secs] 
39.501: [GC [PSYoungGen: 8288K->32K(8192K)] 10025K->1769K(50496K), 0.0004770 secs] [Times: user=0.00 sys=0.00, real=0.01 secs] 
39.548: [GC [PSYoungGen: 8160K->32K(8064K)] 9897K->1769K(50368K), 0.0005010 secs] [Times: user=0.00 sys=0.00, real=0.00 secs] 
39.594: [GC [PSYoungGen: 8032K->32K(7936K)] 9769K->1769K(50240K), 0.0004600 secs] [Times: user=0.00 sys=0.00, real=0.00 secs] 
39.666: [GC [PSYoungGen: 7904K->32K(7808K)] 9641K->1769K(50112K), 0.0004120 secs] [Times: user=0.00 sys=0.00, real=0.00 secs] 
39.728: [GC [PSYoungGen: 7776K->32K(7744K)] 9513K->1769K(50048K), 0.0003740 secs] [Times: user=0.00 sys=0.00, real=0.00 secs] 
39.765: [GC [PSYoungGen: 7712K->32K(7680K)] 9449K->1769K(49984K), 0.0003030 secs] [Times: user=0.00 sys=0.00, real=0.00 secs] 
39.801: [GC [PSYoungGen: 7648K->32K(7616K)] 9385K->1769K(49920K), 0.0002710 secs] [Times: user=0.00 sys=0.00, real=0.00 secs] 
39.838: [GC [PSYoungGen: 7584K->32K(7552K)] 9321K->1769K(49856K), 0.0002680 secs] [Times: user=0.00 sys=0.00, real=0.00 secs] 
39.874: [GC [PSYoungGen: 7520K->32K(7488K)] 9257K->1769K(49792K), 0.0003230 secs] [Times: user=0.00 sys=0.00, real=0.00 secs] 
39.909: [GC [PSYoungGen: 7456K->32K(7424K)] 9193K->1769K(49728K), 0.0003430 secs] [Times: user=0.00 sys=0.00, real=0.00 secs] 
39.944: [GC [PSYoungGen: 7392K->32K(7360K)] 9129K->1769K(49664K), 0.0003140 secs] [Times: user=0.00 sys=0.00, real=0.00 secs] 
39.979: [GC [PSYoungGen: 7328K->32K(7296K)] 9065K->1769K(49600K), 0.0003410 secs] [Times: user=0.00 sys=0.00, real=0.00 secs] 
40.014: [GC [PSYoungGen: 7264K->32K(7232K)] 9001K->1769K(49536K), 0.0003180 secs] [Times: user=0.01 sys=0.00, real=0.00 secs] 
40.050: [GC [PSYoungGen: 7200K->32K(7168K)] 8937K->1769K(49472K), 0.0003640 secs] [Times: user=0.00 sys=0.00, real=0.00 secs] 
40.086: [GC [PSYoungGen: 7136K->32K(7104K)] 8873K->1769K(49408K), 0.0004160 secs] [Times: user=0.00 sys=0.00, real=0.00 secs] 
40.121: [GC [PSYoungGen: 7072K->32K(7040K)] 8809K->1769K(49344K), 0.0003890 secs] [Times: user=0.00 sys=0.00, real=0.00 secs] 
40.156: [GC [PSYoungGen: 7008K->32K(6976K)] 8745K->1769K(49280K), 0.0004020 secs] [Times: user=0.00 sys=0.00, real=0.00 secs] 
40.191: [GC [PSYoungGen: 6944K->32K(6912K)] 8681K->1769K(49216K), 0.0003870 secs] [Times: user=0.00 sys=0.00, real=0.00 secs] 
40.226: [GC [PSYoungGen: 6880K->32K(6848K)] 8617K->1769K(49152K), 0.0004170 secs] [Times: user=0.00 sys=0.00, real=0.00 secs] 
40.259: [GC [PSYoungGen: 6816K->32K(6784K)] 8553K->1769K(49088K), 0.0003920 secs] [Times: user=0.00 sys=0.00, real=0.00 secs] 
40.293: [GC [PSYoungGen: 6752K->32K(6720K)] 8489K->1769K(49024K), 0.0003730 secs] [Times: user=0.00 sys=0.00, real=0.00 secs] 
40.326: [GC [PSYoungGen: 6688K->32K(8064K)] 8425K->1769K(50368K), 0.0005120 secs] [Times: user=0.00 sys=0.00, real=0.00 secs] 
40.367: [GC [PSYoungGen: 8032K->32K(9664K)] 9769K->1769K(51968K), 0.0005570 secs] [Times: user=0.00 sys=0.00, real=0.00 secs] 
40.422: [GC [PSYoungGen: 9632K->32K(9536K)] 11369K->1769K(51840K), 0.0003230 secs] [Times: user=0.00 sys=0.00, real=0.00 secs] 
40.510: [GC [PSYoungGen: 9504K->32K(9408K)] 11241K->1769K(51712K), 0.0004560 secs] [Times: user=0.00 sys=0.00, real=0.01 secs] 
40.600: [GC [PSYoungGen: 9376K->32K(9280K)] 11113K->1769K(51584K), 0.0004900 secs] [Times: user=0.00 sys=0.00, real=0.00 secs] 
40.684: [GC [PSYoungGen: 9248K->32K(9152K)] 10985K->1769K(51456K), 0.0003610 secs] [Times: user=0.00 sys=0.00, real=0.00 secs] 
40.740: [GC [PSYoungGen: 9120K->32K(9024K)] 10857K->1769K(51328K), 0.0004110 secs] [Times: user=0.00 sys=0.00, real=0.01 secs] 
40.786: [GC [PSYoungGen: 8992K->32K(8896K)] 10729K->1769K(51200K), 0.0003590 secs] [Times: user=0.00 sys=0.00, real=0.00 secs] 
40.829: [GC [PSYoungGen: 8864K->32K(8768K)] 10601K->1769K(51072K), 0.0003880 secs] [Times: user=0.00 sys=0.00, real=0.00 secs] 
40.871: [GC [PSYoungGen: 8736K->32K(8640K)] 10473K->1769K(50944K), 0.0004330 secs] [Times: user=0.00 sys=0.00, real=0.01 secs] 
40.912: [GC [PSYoungGen: 8608K->32K(8512K)] 10345K->1769K(50816K), 0.0004020 secs] [Times: user=0.00 sys=0.00, real=0.00 secs] 
40.953: [GC [PSYoungGen: 8480K->32K(8384K)] 10217K->1769K(50688K), 0.0003640 secs] [Times: user=0.00 sys=0.00, real=0.00 secs] 
40.995: [GC [PSYoungGen: 8352K->32K(8256K)] 10089K->1769K(50560K), 0.0003840 secs] [Times: user=0.00 sys=0.00, real=0.00 secs] 
41.036: [GC [PSYoungGen: 8224K->32K(8128K)] 9961K->1769K(50432K), 0.0003730 secs] [Times: user=0.00 sys=0.00, real=0.00 secs] 
41.077: [GC [PSYoungGen: 8096K->32K(8000K)] 9833K->1769K(50304K), 0.0004060 secs] [Times: user=0.00 sys=0.00, real=0.00 secs] 
41.117: [GC [PSYoungGen: 7968K->32K(7872K)] 9705K->1769K(50176K), 0.0004120 secs] [Times: user=0.00 sys=0.00, real=0.00 secs] 
41.156: [GC [PSYoungGen: 7840K->32K(7744K)] 9577K->1769K(50048K), 0.0003220 secs] [Times: user=0.00 sys=0.00, real=0.00 secs] 
41.194: [GC [PSYoungGen: 7712K->32K(7680K)] 9449K->1769K(49984K), 0.0004100 secs] [Times: user=0.01 sys=0.00, real=0.00 secs] 
41.232: [GC [PSYoungGen: 7648K->32K(7616K)] 9385K->1769K(49920K), 0.0003180 secs] [Times: user=0.00 sys=0.00, real=0.00 secs] 
41.271: [GC [PSYoungGen: 7584K->32K(7552K)] 9321K->1769K(49856K), 0.0004190 secs] [Times: user=0.00 sys=0.00, real=0.00 secs] 
41.309: [GC [PSYoungGen: 7520K->32K(7488K)] 9257K->1769K(49792K), 0.0004310 secs] [Times: user=0.00 sys=0.00, real=0.00 secs] 
41.346: [GC [PSYoungGen: 7456K->32K(7424K)] 9193K->1769K(49728K), 0.0004050 secs] [Times: user=0.00 sys=0.00, real=0.00 secs] 
