1.389: [GC [PSYoungGen: 15872K->1812K(18496K)] 15872K->1812K(60800K), 0.0127010 secs] [Times: user=0.03 sys=0.00, real=0.01 secs] 
1.682: [GC [PSYoungGen: 17684K->1796K(18496K)] 17684K->1796K(60800K), 0.0036970 secs] [Times: user=0.01 sys=0.02, real=0.01 secs] 
1.768: [GC [PSYoungGen: 17668K->1796K(18496K)] 17668K->1796K(60800K), 0.0036420 secs] [Times: user=0.00 sys=0.00, real=0.00 secs] 
1.811: [GC [PSYoungGen: 17668K->1780K(34368K)] 17668K->1780K(76672K), 0.0037090 secs] [Times: user=0.02 sys=0.01, real=0.01 secs] 
1.903: [GC [PSYoungGen: 33524K->1828K(34368K)] 33524K->1828K(76672K), 0.0040470 secs] [Times: user=0.02 sys=0.01, real=0.01 secs] 
2.002: [GC [PSYoungGen: 33572K->1780K(65344K)] 33572K->1780K(107648K), 0.0052690 secs] [Times: user=0.02 sys=0.00, real=0.00 secs] 
2.172: [GC [PSYoungGen: 65268K->32K(65344K)] 65268K->1770K(107648K), 0.0062830 secs] [Times: user=0.01 sys=0.00, real=0.01 secs] 
2.322: [GC [PSYoungGen: 63520K->96K(129024K)] 65258K->1834K(171328K), 0.0004180 secs] [Times: user=0.00 sys=0.00, real=0.00 secs] 
2.666: [GC [PSYoungGen: 126880K->96K(129216K)] 128618K->1834K(171520K), 0.0005900 secs] [Times: user=0.00 sys=0.00, real=0.00 secs] 
2.953: [GC [PSYoungGen: 126880K->32K(167936K)] 128618K->1770K(210240K), 0.0005110 secs] [Times: user=0.01 sys=0.00, real=0.00 secs] 
3.359: [GC [PSYoungGen: 165408K->32K(165440K)] 167146K->1770K(207744K), 0.0006160 secs] [Times: user=0.00 sys=0.00, real=0.00 secs] 
3.733: [GC [PSYoungGen: 165408K->96K(167936K)] 167146K->1834K(210240K), 0.0004050 secs] [Times: user=0.00 sys=0.00, real=0.00 secs] 
4.106: [GC [PSYoungGen: 165344K->64K(157824K)] 167082K->1802K(200128K), 0.0004980 secs] [Times: user=0.00 sys=0.00, real=0.00 secs] 
4.462: [GC [PSYoungGen: 157824K->32K(150720K)] 159562K->1770K(193024K), 0.0011670 secs] [Times: user=0.01 sys=0.00, real=0.01 secs] 
4.801: [GC [PSYoungGen: 150688K->64K(146496K)] 152426K->1802K(188800K), 0.0005880 secs] [Times: user=0.00 sys=0.00, real=0.00 secs] 
5.125: [GC [PSYoungGen: 143936K->64K(137472K)] 145674K->1802K(179776K), 0.0009940 secs] [Times: user=0.00 sys=0.01, real=0.00 secs] 
5.435: [GC [PSYoungGen: 137472K->32K(133696K)] 139210K->1770K(176000K), 0.0006950 secs] [Times: user=0.00 sys=0.00, real=0.00 secs] 
5.730: [GC [PSYoungGen: 131296K->32K(125504K)] 133034K->1770K(167808K), 0.0009390 secs] [Times: user=0.00 sys=0.00, real=0.00 secs] 
6.012: [GC [PSYoungGen: 125472K->32K(122240K)] 127210K->1770K(164544K), 0.0011350 secs] [Times: user=0.00 sys=0.00, real=0.00 secs] 
6.283: [GC [PSYoungGen: 119968K->32K(114752K)] 121706K->1770K(157056K), 0.0010480 secs] [Times: user=0.00 sys=0.00, real=0.00 secs] 
6.541: [GC [PSYoungGen: 114720K->64K(111808K)] 116458K->1802K(154112K), 0.0005710 secs] [Times: user=0.00 sys=0.00, real=0.00 secs] 
6.788: [GC [PSYoungGen: 109760K->96K(105088K)] 111498K->1834K(147392K), 0.0008210 secs] [Times: user=0.00 sys=0.00, real=0.00 secs] 
7.024: [GC [PSYoungGen: 105056K->32K(102272K)] 106794K->1770K(144576K), 0.0018120 secs] [Times: user=0.00 sys=0.00, real=0.00 secs] 
7.252: [GC [PSYoungGen: 100448K->64K(96192K)] 102186K->1802K(138496K), 0.0009380 secs] [Times: user=0.00 sys=0.00, real=0.00 secs] 
7.470: [GC [PSYoungGen: 96192K->32K(93696K)] 97930K->1770K(136000K), 0.0003810 secs] [Times: user=0.00 sys=0.00, real=0.00 secs] 
7.677: [GC [PSYoungGen: 92064K->32K(88192K)] 93802K->1770K(130496K), 0.0007980 secs] [Times: user=0.00 sys=0.00, real=0.00 secs] 
7.876: [GC [PSYoungGen: 88160K->32K(85952K)] 89898K->1770K(128256K), 0.0005840 secs] [Times: user=0.00 sys=0.00, real=0.00 secs] 
8.067: [GC [PSYoungGen: 84448K->32K(80960K)] 86186K->1770K(123264K), 0.0008200 secs] [Times: user=0.00 sys=0.00, real=0.00 secs] 
8.249: [GC [PSYoungGen: 80928K->32K(78912K)] 82666K->1770K(121216K), 0.0004000 secs] [Times: user=0.00 sys=0.00, real=0.00 secs] 
8.423: [GC [PSYoungGen: 77600K->0K(74432K)] 79338K->1738K(116736K), 0.0007120 secs] [Times: user=0.00 sys=0.00, real=0.01 secs] 
8.590: [GC [PSYoungGen: 74368K->32K(72576K)] 76106K->1770K(114880K), 0.0005180 secs] [Times: user=0.00 sys=0.00, real=0.00 secs] 
8.751: [GC [PSYoungGen: 71392K->64K(68544K)] 73130K->1802K(110848K), 0.0006970 secs] [Times: user=0.00 sys=0.00, real=0.00 secs] 
8.905: [GC [PSYoungGen: 68544K->96K(66752K)] 70282K->1834K(109056K), 0.0005860 secs] [Times: user=0.01 sys=0.00, real=0.00 secs] 
9.052: [GC [PSYoungGen: 65824K->64K(63168K)] 67562K->1802K(105472K), 0.0007160 secs] [Times: user=0.00 sys=0.00, real=0.00 secs] 
9.202: [GC [PSYoungGen: 63168K->64K(61504K)] 64906K->1802K(103808K), 0.0004330 secs] [Times: user=0.01 sys=0.00, real=0.01 secs] 
9.431: [GC [PSYoungGen: 60672K->64K(58304K)] 62410K->1802K(100608K), 0.0010210 secs] [Times: user=0.00 sys=0.00, real=0.00 secs] 
9.582: [GC [PSYoungGen: 58304K->0K(56768K)] 60042K->1738K(99072K), 0.0006830 secs] [Times: user=0.01 sys=0.00, real=0.01 secs] 
9.726: [GC [PSYoungGen: 56000K->64K(53888K)] 57738K->1802K(96192K), 0.0008120 secs] [Times: user=0.01 sys=0.00, real=0.00 secs] 
9.864: [GC [PSYoungGen: 53888K->32K(52480K)] 55626K->1770K(94784K), 0.0005660 secs] [Times: user=0.00 sys=0.00, real=0.00 secs] 
9.997: [GC [PSYoungGen: 51808K->64K(49920K)] 53546K->1802K(92224K), 0.0007220 secs] [Times: user=0.00 sys=0.00, real=0.00 secs] 
10.125: [GC [PSYoungGen: 49920K->64K(48576K)] 51658K->1802K(90880K), 0.0005070 secs] [Times: user=0.00 sys=0.00, real=0.00 secs] 
10.248: [GC [PSYoungGen: 48064K->32K(46272K)] 49802K->1770K(88576K), 0.0008060 secs] [Times: user=0.00 sys=0.00, real=0.00 secs] 
10.367: [GC [PSYoungGen: 46240K->0K(45056K)] 47978K->1738K(87360K), 0.0004920 secs] [Times: user=0.00 sys=0.00, real=0.00 secs] 
10.481: [GC [PSYoungGen: 44544K->64K(43008K)] 46282K->1802K(85312K), 0.0007090 secs] [Times: user=0.00 sys=0.00, real=0.00 secs] 
10.591: [GC [PSYoungGen: 43008K->64K(41856K)] 44746K->1802K(84160K), 0.0004510 secs] [Times: user=0.00 sys=0.00, real=0.00 secs] 
10.697: [GC [PSYoungGen: 41472K->96K(40064K)] 43210K->1834K(82368K), 0.0006630 secs] [Times: user=0.00 sys=0.00, real=0.00 secs] 
10.800: [GC [PSYoungGen: 40032K->64K(38592K)] 41770K->1802K(80896K), 0.0005460 secs] [Times: user=0.00 sys=0.00, real=0.00 secs] 
10.900: [GC [PSYoungGen: 38592K->96K(37312K)] 40330K->1834K(79616K), 0.0006210 secs] [Times: user=0.00 sys=0.00, real=0.00 secs] 
10.995: [GC [PSYoungGen: 37280K->64K(36288K)] 39018K->1802K(78592K), 0.0004110 secs] [Times: user=0.00 sys=0.00, real=0.00 secs] 
11.087: [GC [PSYoungGen: 35968K->64K(34752K)] 37706K->1802K(77056K), 0.0004320 secs] [Times: user=0.00 sys=0.00, real=0.00 secs] 
11.176: [GC [PSYoungGen: 34752K->64K(33856K)] 36490K->1802K(76160K), 0.0003830 secs] [Times: user=0.00 sys=0.00, real=0.00 secs] 
11.263: [GC [PSYoungGen: 33600K->32K(32512K)] 35338K->1770K(74816K), 0.0005870 secs] [Times: user=0.00 sys=0.00, real=0.01 secs] 
11.347: [GC [PSYoungGen: 32480K->32K(31616K)] 34218K->1770K(73920K), 0.0005350 secs] [Times: user=0.00 sys=0.00, real=0.00 secs] 
11.427: [GC [PSYoungGen: 31392K->96K(30464K)] 33130K->1834K(72768K), 0.0004530 secs] [Times: user=0.00 sys=0.00, real=0.00 secs] 
11.507: [GC [PSYoungGen: 30432K->64K(36800K)] 32170K->1802K(79104K), 0.0045520 secs] [Times: user=0.00 sys=0.00, real=0.00 secs] 
11.605: [GC [PSYoungGen: 36800K->96K(44608K)] 38538K->1834K(86912K), 0.0006110 secs] [Times: user=0.00 sys=0.00, real=0.00 secs] 
11.720: [GC [PSYoungGen: 44576K->64K(53440K)] 46314K->1802K(95744K), 0.0005210 secs] [Times: user=0.00 sys=0.00, real=0.00 secs] 
11.857: [GC [PSYoungGen: 53440K->96K(51456K)] 55178K->1834K(93760K), 0.0005670 secs] [Times: user=0.00 sys=0.00, real=0.00 secs] 
11.988: [GC [PSYoungGen: 51424K->64K(49664K)] 53162K->1802K(91968K), 0.0005280 secs] [Times: user=0.00 sys=0.00, real=0.00 secs] 
12.115: [GC [PSYoungGen: 49472K->64K(47616K)] 51210K->1802K(89920K), 0.0004930 secs] [Times: user=0.00 sys=0.00, real=0.00 secs] 
12.236: [GC [PSYoungGen: 47616K->64K(46016K)] 49354K->1802K(88320K), 0.0003630 secs] [Times: user=0.00 sys=0.00, real=0.00 secs] 
12.354: [GC [PSYoungGen: 45888K->32K(44224K)] 47626K->1770K(86528K), 0.0005270 secs] [Times: user=0.00 sys=0.00, real=0.01 secs] 
12.467: [GC [PSYoungGen: 44192K->32K(42752K)] 45930K->1770K(85056K), 0.0005160 secs] [Times: user=0.00 sys=0.00, real=0.00 secs] 
12.578: [GC [PSYoungGen: 42592K->64K(41088K)] 44330K->1802K(83392K), 0.0005880 secs] [Times: user=0.00 sys=0.00, real=0.00 secs] 
12.685: [GC [PSYoungGen: 41088K->32K(39744K)] 42826K->1770K(82048K), 0.0004860 secs] [Times: user=0.00 sys=0.00, real=0.00 secs] 
12.787: [GC [PSYoungGen: 39584K->96K(38272K)] 41322K->1834K(80576K), 0.0005380 secs] [Times: user=0.00 sys=0.00, real=0.00 secs] 
12.886: [GC [PSYoungGen: 38240K->96K(36928K)] 39978K->1834K(79232K), 0.0006090 secs] [Times: user=0.01 sys=0.00, real=0.00 secs] 
12.981: [GC [PSYoungGen: 36896K->64K(35584K)] 38634K->1802K(77888K), 0.0005650 secs] [Times: user=0.00 sys=0.00, real=0.00 secs] 
13.073: [GC [PSYoungGen: 35584K->64K(34496K)] 37322K->1802K(76800K), 0.0005080 secs] [Times: user=0.01 sys=0.00, real=0.01 secs] 
13.162: [GC [PSYoungGen: 34368K->96K(33280K)] 36106K->1834K(75584K), 0.0005850 secs] [Times: user=0.00 sys=0.00, real=0.01 secs] 
13.324: [GC [PSYoungGen: 33248K->32K(32128K)] 34986K->1770K(74432K), 0.0007090 secs] [Times: user=0.00 sys=0.00, real=0.00 secs] 
13.458: [GC [PSYoungGen: 32096K->64K(31104K)] 33834K->1802K(73408K), 0.0004800 secs] [Times: user=0.00 sys=0.00, real=0.00 secs] 
13.538: [GC [PSYoungGen: 31104K->96K(30208K)] 32842K->1834K(72512K), 0.0004530 secs] [Times: user=0.00 sys=0.00, real=0.00 secs] 
13.616: [GC [PSYoungGen: 30112K->32K(29120K)] 31850K->1770K(71424K), 0.0007290 secs] [Times: user=0.00 sys=0.00, real=0.00 secs] 
13.691: [GC [PSYoungGen: 29088K->32K(28352K)] 30826K->1770K(70656K), 0.0005230 secs] [Times: user=0.00 sys=0.00, real=0.00 secs] 
13.763: [GC [PSYoungGen: 28192K->32K(27328K)] 29930K->1770K(69632K), 0.0004600 secs] [Times: user=0.01 sys=0.00, real=0.01 secs] 
13.833: [GC [PSYoungGen: 27296K->64K(26624K)] 29034K->1802K(68928K), 0.0003780 secs] [Times: user=0.01 sys=0.00, real=0.00 secs] 
13.901: [GC [PSYoungGen: 26496K->32K(25728K)] 28234K->1770K(68032K), 0.0004890 secs] [Times: user=0.00 sys=0.00, real=0.00 secs] 
13.968: [GC [PSYoungGen: 25696K->32K(25024K)] 27434K->1770K(67328K), 0.0005450 secs] [Times: user=0.00 sys=0.00, real=0.00 secs] 
14.032: [GC [PSYoungGen: 24928K->64K(24256K)] 26666K->1802K(66560K), 0.0005390 secs] [Times: user=0.00 sys=0.00, real=0.00 secs] 
14.094: [GC [PSYoungGen: 24256K->32K(23616K)] 25994K->1770K(65920K), 0.0004730 secs] [Times: user=0.00 sys=0.00, real=0.01 secs] 
14.154: [GC [PSYoungGen: 23520K->32K(22912K)] 25258K->1770K(65216K), 0.0004390 secs] [Times: user=0.00 sys=0.00, real=0.00 secs] 
14.216: [GC [PSYoungGen: 22880K->64K(22336K)] 24618K->1802K(64640K), 0.0004440 secs] [Times: user=0.00 sys=0.00, real=0.00 secs] 
14.307: [GC [PSYoungGen: 22272K->96K(21696K)] 24010K->1834K(64000K), 0.0004500 secs] [Times: user=0.00 sys=0.00, real=0.00 secs] 
14.365: [GC [PSYoungGen: 21664K->32K(21056K)] 23402K->1770K(63360K), 0.0004660 secs] [Times: user=0.00 sys=0.00, real=0.00 secs] 
14.412: [GC [PSYoungGen: 21024K->32K(20480K)] 22762K->1770K(62784K), 0.0004640 secs] [Times: user=0.00 sys=0.00, real=0.00 secs] 
14.458: [GC [PSYoungGen: 20448K->64K(20032K)] 22186K->1802K(62336K), 0.0003900 secs] [Times: user=0.00 sys=0.00, real=0.00 secs] 
14.503: [GC [PSYoungGen: 19968K->64K(19456K)] 21706K->1802K(61760K), 0.0005050 secs] [Times: user=0.00 sys=0.00, real=0.00 secs] 
14.547: [GC [PSYoungGen: 19456K->64K(19008K)] 21194K->1802K(61312K), 0.0004650 secs] [Times: user=0.00 sys=0.00, real=0.00 secs] 
14.589: [GC [PSYoungGen: 18944K->64K(18432K)] 20682K->1802K(60736K), 0.0004980 secs] [Times: user=0.00 sys=0.00, real=0.00 secs] 
14.631: [GC [PSYoungGen: 18432K->64K(18048K)] 20170K->1802K(60352K), 0.0004520 secs] [Times: user=0.00 sys=0.00, real=0.00 secs] 
14.672: [GC [PSYoungGen: 17984K->32K(17536K)] 19722K->1770K(59840K), 0.0004510 secs] [Times: user=0.00 sys=0.00, real=0.00 secs] 
14.711: [GC [PSYoungGen: 17504K->96K(17152K)] 19242K->1834K(59456K), 0.0003310 secs] [Times: user=0.00 sys=0.00, real=0.00 secs] 
14.749: [GC [PSYoungGen: 17120K->64K(16704K)] 18858K->1802K(59008K), 0.0005450 secs] [Times: user=0.00 sys=0.00, real=0.00 secs] 
14.787: [GC [PSYoungGen: 16704K->96K(16384K)] 18442K->1834K(58688K), 0.0003530 secs] [Times: user=0.00 sys=0.00, real=0.00 secs] 
14.824: [GC [PSYoungGen: 16352K->64K(15936K)] 18090K->1802K(58240K), 0.0003640 secs] [Times: user=0.00 sys=0.00, real=0.00 secs] 
14.860: [GC [PSYoungGen: 15936K->32K(15616K)] 17674K->1770K(57920K), 0.0003650 secs] [Times: user=0.00 sys=0.00, real=0.00 secs] 
14.895: [GC [PSYoungGen: 15520K->32K(15232K)] 17258K->1770K(57536K), 0.0004560 secs] [Times: user=0.00 sys=0.00, real=0.00 secs] 
14.930: [GC [PSYoungGen: 15200K->64K(14976K)] 16938K->1802K(57280K), 0.0004000 secs] [Times: user=0.00 sys=0.00, real=0.00 secs] 
14.963: [GC [PSYoungGen: 14912K->64K(14592K)] 16650K->1802K(56896K), 0.0004380 secs] [Times: user=0.01 sys=0.00, real=0.00 secs] 
14.996: [GC [PSYoungGen: 14592K->64K(14336K)] 16330K->1802K(56640K), 0.0004240 secs] [Times: user=0.00 sys=0.00, real=0.00 secs] 
15.028: [GC [PSYoungGen: 14272K->96K(14016K)] 16010K->1834K(56320K), 0.0003630 secs] [Times: user=0.00 sys=0.00, real=0.00 secs] 
15.060: [GC [PSYoungGen: 13984K->64K(13632K)] 15722K->1802K(55936K), 0.0004890 secs] [Times: user=0.00 sys=0.00, real=0.00 secs] 
15.090: [GC [PSYoungGen: 13632K->64K(16384K)] 15370K->1802K(58688K), 0.0004400 secs] [Times: user=0.00 sys=0.00, real=0.00 secs] 
15.128: [GC [PSYoungGen: 16384K->64K(16064K)] 18122K->1802K(58368K), 0.0003310 secs] [Times: user=0.00 sys=0.00, real=0.00 secs] 
15.164: [GC [PSYoungGen: 16000K->64K(15616K)] 17738K->1802K(57920K), 0.0004580 secs] [Times: user=0.00 sys=0.01, real=0.00 secs] 
15.199: [GC [PSYoungGen: 15616K->64K(15296K)] 17354K->1802K(57600K), 0.0003860 secs] [Times: user=0.00 sys=0.00, real=0.00 secs] 
15.233: [GC [PSYoungGen: 15232K->64K(18304K)] 16970K->1802K(60608K), 0.0102290 secs] [Times: user=0.00 sys=0.02, real=0.01 secs] 
15.285: [GC [PSYoungGen: 18304K->64K(22016K)] 20042K->1802K(64320K), 0.0004340 secs] [Times: user=0.01 sys=0.00, real=0.00 secs] 
15.334: [GC [PSYoungGen: 21952K->64K(26368K)] 23690K->1802K(68672K), 0.0004890 secs] [Times: user=0.00 sys=0.00, real=0.00 secs] 
15.393: [GC [PSYoungGen: 26368K->32K(31744K)] 28106K->1770K(74048K), 0.0004060 secs] [Times: user=0.00 sys=0.00, real=0.00 secs] 
15.463: [GC [PSYoungGen: 31648K->64K(38016K)] 33386K->1802K(80320K), 0.0004070 secs] [Times: user=0.01 sys=0.00, real=0.00 secs] 
15.548: [GC [PSYoungGen: 38016K->32K(45696K)] 39754K->1770K(88000K), 0.0007680 secs] [Times: user=0.00 sys=0.00, real=0.00 secs] 
15.650: [GC [PSYoungGen: 45600K->64K(54784K)] 47338K->1802K(97088K), 0.0004450 secs] [Times: user=0.00 sys=0.00, real=0.00 secs] 
15.772: [GC [PSYoungGen: 54784K->64K(65792K)] 56522K->1802K(108096K), 0.0004800 secs] [Times: user=0.01 sys=0.00, real=0.01 secs] 
15.919: [GC [PSYoungGen: 65728K->64K(78912K)] 67466K->1802K(121216K), 0.0004690 secs] [Times: user=0.00 sys=0.00, real=0.00 secs] 
16.095: [GC [PSYoungGen: 78912K->64K(75712K)] 80650K->1802K(118016K), 0.0004440 secs] [Times: user=0.00 sys=0.01, real=0.00 secs] 
16.263: [GC [PSYoungGen: 75648K->32K(72576K)] 77386K->1770K(114880K), 0.0005940 secs] [Times: user=0.01 sys=0.00, real=0.00 secs] 
16.426: [GC [PSYoungGen: 72544K->64K(69696K)] 74282K->1802K(112000K), 0.0004290 secs] [Times: user=0.00 sys=0.00, real=0.00 secs] 
16.581: [GC [PSYoungGen: 69632K->64K(66816K)] 71370K->1802K(109120K), 0.0005060 secs] [Times: user=0.00 sys=0.00, real=0.00 secs] 
16.729: [GC [PSYoungGen: 66816K->64K(64192K)] 68554K->1802K(106496K), 0.0004150 secs] [Times: user=0.00 sys=0.00, real=0.00 secs] 
16.872: [GC [PSYoungGen: 64128K->64K(61568K)] 65866K->1802K(103872K), 0.0003570 secs] [Times: user=0.01 sys=0.00, real=0.01 secs] 
17.010: [GC [PSYoungGen: 61568K->96K(59200K)] 63306K->1834K(101504K), 0.0004650 secs] [Times: user=0.00 sys=0.00, real=0.00 secs] 
17.142: [GC [PSYoungGen: 59168K->32K(56832K)] 60906K->1770K(99136K), 0.0005850 secs] [Times: user=0.00 sys=0.00, real=0.01 secs] 
17.269: [GC [PSYoungGen: 56800K->64K(54720K)] 58538K->1802K(97024K), 0.0004690 secs] [Times: user=0.00 sys=0.00, real=0.00 secs] 
17.390: [GC [PSYoungGen: 54656K->64K(52544K)] 56394K->1802K(94848K), 0.0004690 secs] [Times: user=0.00 sys=0.00, real=0.00 secs] 
17.507: [GC [PSYoungGen: 52544K->64K(50624K)] 54282K->1802K(92928K), 0.0003770 secs] [Times: user=0.00 sys=0.00, real=0.00 secs] 
17.619: [GC [PSYoungGen: 50560K->64K(48640K)] 52298K->1802K(90944K), 0.0004590 secs] [Times: user=0.00 sys=0.00, real=0.00 secs] 
17.728: [GC [PSYoungGen: 48640K->64K(46912K)] 50378K->1802K(89216K), 0.0005870 secs] [Times: user=0.00 sys=0.00, real=0.00 secs] 
17.833: [GC [PSYoungGen: 46848K->32K(45120K)] 48586K->1770K(87424K), 0.0004610 secs] [Times: user=0.00 sys=0.00, real=0.00 secs] 
17.934: [GC [PSYoungGen: 45088K->64K(43520K)] 46826K->1802K(85824K), 0.0004100 secs] [Times: user=0.00 sys=0.00, real=0.00 secs] 
18.030: [GC [PSYoungGen: 43456K->96K(41984K)] 45194K->1834K(84288K), 0.0003490 secs] [Times: user=0.00 sys=0.00, real=0.00 secs] 
18.124: [GC [PSYoungGen: 41952K->96K(40512K)] 43690K->1834K(82816K), 0.0005150 secs] [Times: user=0.00 sys=0.00, real=0.00 secs] 
18.215: [GC [PSYoungGen: 40480K->64K(39040K)] 42218K->1810K(81344K), 0.0003630 secs] [Times: user=0.01 sys=0.00, real=0.00 secs] 
18.301: [GC [PSYoungGen: 39040K->64K(37760K)] 40786K->1818K(80064K), 0.0004120 secs] [Times: user=0.00 sys=0.00, real=0.00 secs] 
18.386: [GC [PSYoungGen: 37696K->64K(36416K)] 39450K->1818K(78720K), 0.0004300 secs] [Times: user=0.00 sys=0.00, real=0.00 secs] 
18.467: [GC [PSYoungGen: 36416K->96K(35264K)] 38170K->1850K(77568K), 0.0004070 secs] [Times: user=0.00 sys=0.00, real=0.00 secs] 
18.546: [GC [PSYoungGen: 35232K->64K(34048K)] 36986K->1818K(76352K), 0.0004610 secs] [Times: user=0.00 sys=0.00, real=0.00 secs] 
18.622: [GC [PSYoungGen: 34048K->64K(32960K)] 35802K->1818K(75264K), 0.0003950 secs] [Times: user=0.00 sys=0.00, real=0.00 secs] 
18.695: [GC [PSYoungGen: 32896K->32K(31808K)] 34650K->1786K(74112K), 0.0005260 secs] [Times: user=0.00 sys=0.00, real=0.00 secs] 
18.767: [GC [PSYoungGen: 31776K->96K(30848K)] 33530K->1850K(73152K), 0.0005590 secs] [Times: user=0.00 sys=0.00, real=0.00 secs] 
18.835: [GC [PSYoungGen: 30816K->32K(29824K)] 32570K->1786K(72128K), 0.0003880 secs] [Times: user=0.00 sys=0.00, real=0.00 secs] 
18.902: [GC [PSYoungGen: 29792K->64K(28928K)] 31546K->1818K(71232K), 0.0003700 secs] [Times: user=0.00 sys=0.00, real=0.00 secs] 
18.967: [GC [PSYoungGen: 28864K->96K(28032K)] 30618K->1850K(70336K), 0.0003840 secs] [Times: user=0.00 sys=0.00, real=0.00 secs] 
19.030: [GC [PSYoungGen: 28000K->64K(27136K)] 29754K->1818K(69440K), 0.0004560 secs] [Times: user=0.00 sys=0.00, real=0.00 secs] 
19.090: [GC [PSYoungGen: 27136K->64K(26304K)] 28890K->1818K(68608K), 0.0004630 secs] [Times: user=0.00 sys=0.00, real=0.00 secs] 
19.149: [GC [PSYoungGen: 26304K->0K(25600K)] 28058K->1754K(67904K), 0.0003730 secs] [Times: user=0.00 sys=0.00, real=0.00 secs] 
19.206: [GC [PSYoungGen: 25472K->64K(24768K)] 27226K->1818K(67072K), 0.0006050 secs] [Times: user=0.00 sys=0.00, real=0.00 secs] 
19.262: [GC [PSYoungGen: 24768K->64K(29824K)] 26522K->1818K(72128K), 0.0045640 secs] [Times: user=0.02 sys=0.00, real=0.01 secs] 
19.333: [GC [PSYoungGen: 29760K->64K(35712K)] 31514K->1818K(78016K), 0.0004420 secs] [Times: user=0.00 sys=0.00, real=0.00 secs] 
19.413: [GC [PSYoungGen: 35712K->64K(42944K)] 37466K->1818K(85248K), 0.0004630 secs] [Times: user=0.00 sys=0.00, real=0.00 secs] 
19.508: [GC [PSYoungGen: 42880K->64K(51456K)] 44634K->1818K(93760K), 0.0004990 secs] [Times: user=0.00 sys=0.00, real=0.00 secs] 
19.623: [GC [PSYoungGen: 51456K->32K(49600K)] 53210K->1786K(91904K), 0.0003290 secs] [Times: user=0.00 sys=0.00, real=0.00 secs] 
19.733: [GC [PSYoungGen: 49504K->64K(47680K)] 51258K->1818K(89984K), 0.0005510 secs] [Times: user=0.01 sys=0.00, real=0.00 secs] 
19.841: [GC [PSYoungGen: 47680K->64K(46016K)] 49434K->1818K(88320K), 0.0004050 secs] [Times: user=0.00 sys=0.00, real=0.00 secs] 
19.943: [GC [PSYoungGen: 45952K->32K(44288K)] 47706K->1786K(86592K), 0.0004830 secs] [Times: user=0.01 sys=0.00, real=0.00 secs] 
20.042: [GC [PSYoungGen: 44256K->64K(42752K)] 46010K->1818K(85056K), 0.0004140 secs] [Times: user=0.00 sys=0.00, real=0.00 secs] 
20.137: [GC [PSYoungGen: 42688K->96K(41216K)] 44442K->1850K(83520K), 0.0005560 secs] [Times: user=0.00 sys=0.00, real=0.00 secs] 
20.229: [GC [PSYoungGen: 41184K->32K(39680K)] 42938K->1786K(81984K), 0.0004860 secs] [Times: user=0.00 sys=0.00, real=0.00 secs] 
20.318: [GC [PSYoungGen: 39648K->32K(38272K)] 41402K->1786K(80576K), 0.0004790 secs] [Times: user=0.00 sys=0.00, real=0.00 secs] 
20.403: [GC [PSYoungGen: 38240K->64K(36992K)] 39994K->1818K(79296K), 0.0004760 secs] [Times: user=0.01 sys=0.00, real=0.00 secs] 
20.486: [GC [PSYoungGen: 36928K->96K(35712K)] 38682K->1850K(78016K), 0.0004470 secs] [Times: user=0.01 sys=0.00, real=0.00 secs] 
20.565: [GC [PSYoungGen: 35680K->32K(34432K)] 37434K->1786K(76736K), 0.0004820 secs] [Times: user=0.00 sys=0.00, real=0.00 secs] 
20.643: [GC [PSYoungGen: 34400K->32K(33280K)] 36154K->1786K(75584K), 0.0004550 secs] [Times: user=0.00 sys=0.00, real=0.00 secs] 
20.717: [GC [PSYoungGen: 33248K->32K(32256K)] 35002K->1786K(74560K), 0.0004340 secs] [Times: user=0.00 sys=0.00, real=0.00 secs] 
20.789: [GC [PSYoungGen: 32160K->96K(31232K)] 33914K->1850K(73536K), 0.0004420 secs] [Times: user=0.00 sys=0.00, real=0.00 secs] 
20.859: [GC [PSYoungGen: 31200K->64K(30144K)] 32954K->1818K(72448K), 0.0005030 secs] [Times: user=0.00 sys=0.00, real=0.00 secs] 
20.927: [GC [PSYoungGen: 30144K->64K(29184K)] 31898K->1818K(71488K), 0.0005700 secs] [Times: user=0.00 sys=0.00, real=0.00 secs] 
20.992: [GC [PSYoungGen: 29184K->64K(28352K)] 30938K->1818K(70656K), 0.0004440 secs] [Times: user=0.00 sys=0.00, real=0.00 secs] 
21.056: [GC [PSYoungGen: 28288K->64K(27392K)] 30042K->1818K(69696K), 0.0004590 secs] [Times: user=0.00 sys=0.00, real=0.00 secs] 
21.117: [GC [PSYoungGen: 27392K->64K(26624K)] 29146K->1818K(68928K), 0.0005410 secs] [Times: user=0.00 sys=0.00, real=0.00 secs] 
21.177: [GC [PSYoungGen: 26560K->32K(25792K)] 28314K->1786K(68096K), 0.0004470 secs] [Times: user=0.00 sys=0.00, real=0.00 secs] 
21.235: [GC [PSYoungGen: 25760K->64K(25088K)] 27514K->1818K(67392K), 0.0004030 secs] [Times: user=0.01 sys=0.00, real=0.00 secs] 
21.291: [GC [PSYoungGen: 25024K->32K(24320K)] 26778K->1786K(66624K), 0.0004550 secs] [Times: user=0.00 sys=0.00, real=0.00 secs] 
21.345: [GC [PSYoungGen: 24288K->64K(23680K)] 26042K->1818K(65984K), 0.0003480 secs] [Times: user=0.00 sys=0.00, real=0.00 secs] 
21.398: [GC [PSYoungGen: 23616K->64K(22976K)] 25370K->1818K(65280K), 0.0004780 secs] [Times: user=0.00 sys=0.00, real=0.00 secs] 
21.449: [GC [PSYoungGen: 22976K->64K(22400K)] 24730K->1818K(64704K), 0.0003320 secs] [Times: user=0.00 sys=0.00, real=0.00 secs] 
21.499: [GC [PSYoungGen: 22336K->64K(21696K)] 24090K->1818K(64000K), 0.0004500 secs] [Times: user=0.00 sys=0.00, real=0.00 secs] 
21.548: [GC [PSYoungGen: 21696K->64K(21184K)] 23450K->1818K(63488K), 0.0003230 secs] [Times: user=0.00 sys=0.00, real=0.00 secs] 
21.595: [GC [PSYoungGen: 21120K->96K(20608K)] 22874K->1850K(62912K), 0.0003790 secs] [Times: user=0.00 sys=0.00, real=0.00 secs] 
21.641: [GC [PSYoungGen: 20576K->64K(19968K)] 22330K->1818K(62272K), 0.0004530 secs] [Times: user=0.00 sys=0.00, real=0.00 secs] 
21.686: [GC [PSYoungGen: 19968K->64K(19456K)] 21722K->1818K(61760K), 0.0006350 secs] [Times: user=0.01 sys=0.00, real=0.00 secs] 
21.730: [GC [PSYoungGen: 19456K->64K(19008K)] 21210K->1818K(61312K), 0.0003810 secs] [Times: user=0.00 sys=0.00, real=0.00 secs] 
21.772: [GC [PSYoungGen: 18944K->64K(18432K)] 20698K->1818K(60736K), 0.0005290 secs] [Times: user=0.01 sys=0.00, real=0.01 secs] 
21.814: [GC [PSYoungGen: 18432K->64K(18048K)] 20186K->1818K(60352K), 0.0003790 secs] [Times: user=0.00 sys=0.00, real=0.00 secs] 
21.854: [GC [PSYoungGen: 17984K->96K(17600K)] 19738K->1850K(59904K), 0.0003880 secs] [Times: user=0.00 sys=0.00, real=0.00 secs] 
21.894: [GC [PSYoungGen: 17568K->64K(17088K)] 19322K->1818K(59392K), 0.0004560 secs] [Times: user=0.00 sys=0.00, real=0.00 secs] 
21.932: [GC [PSYoungGen: 17088K->64K(16704K)] 18842K->1818K(59008K), 0.0005220 secs] [Times: user=0.00 sys=0.01, real=0.01 secs] 
21.970: [GC [PSYoungGen: 16704K->32K(16384K)] 18458K->1786K(58688K), 0.0004630 secs] [Times: user=0.00 sys=0.00, real=0.00 secs] 
22.006: [GC [PSYoungGen: 16288K->32K(15936K)] 18042K->1786K(58240K), 0.0005140 secs] [Times: user=0.00 sys=0.00, real=0.00 secs] 
22.042: [GC [PSYoungGen: 15904K->64K(15616K)] 17658K->1818K(57920K), 0.0004310 secs] [Times: user=0.00 sys=0.00, real=0.01 secs] 
22.077: [GC [PSYoungGen: 15552K->64K(15232K)] 17306K->1818K(57536K), 0.0004020 secs] [Times: user=0.00 sys=0.00, real=0.00 secs] 
22.111: [GC [PSYoungGen: 15232K->64K(14976K)] 16986K->1818K(57280K), 0.0004330 secs] [Times: user=0.00 sys=0.00, real=0.00 secs] 
22.145: [GC [PSYoungGen: 14912K->64K(14592K)] 16666K->1818K(56896K), 0.0004020 secs] [Times: user=0.00 sys=0.00, real=0.00 secs] 
22.179: [GC [PSYoungGen: 14592K->64K(17600K)] 16346K->1818K(59904K), 0.0004610 secs] [Times: user=0.00 sys=0.00, real=0.00 secs] 
22.218: [GC [PSYoungGen: 17536K->64K(21056K)] 19290K->1818K(63360K), 0.0005270 secs] [Times: user=0.00 sys=0.00, real=0.00 secs] 
22.265: [GC [PSYoungGen: 21056K->64K(20544K)] 22810K->1818K(62848K), 0.0004380 secs] [Times: user=0.00 sys=0.00, real=0.00 secs] 
22.311: [GC [PSYoungGen: 20480K->64K(19968K)] 22234K->1818K(62272K), 0.0004730 secs] [Times: user=0.00 sys=0.00, real=0.00 secs] 
22.356: [GC [PSYoungGen: 19968K->64K(19520K)] 21722K->1818K(61824K), 0.0004280 secs] [Times: user=0.00 sys=0.00, real=0.00 secs] 
22.400: [GC [PSYoungGen: 19456K->64K(18944K)] 21210K->1818K(61248K), 0.0005240 secs] [Times: user=0.00 sys=0.00, real=0.00 secs] 
22.442: [GC [PSYoungGen: 18944K->64K(18496K)] 20698K->1818K(60800K), 0.0003880 secs] [Times: user=0.01 sys=0.00, real=0.01 secs] 
22.483: [GC [PSYoungGen: 18432K->64K(17984K)] 20186K->1818K(60288K), 0.0004470 secs] [Times: user=0.01 sys=0.00, real=0.00 secs] 
22.524: [GC [PSYoungGen: 17984K->64K(17600K)] 19738K->1818K(59904K), 0.0003980 secs] [Times: user=0.00 sys=0.00, real=0.00 secs] 
22.563: [GC [PSYoungGen: 17536K->64K(17088K)] 19290K->1818K(59392K), 0.0005110 secs] [Times: user=0.00 sys=0.00, real=0.00 secs] 
22.601: [GC [PSYoungGen: 17088K->64K(16768K)] 18842K->1818K(59072K), 0.0003950 secs] [Times: user=0.00 sys=0.00, real=0.00 secs] 
22.639: [GC [PSYoungGen: 16704K->64K(16320K)] 18458K->1818K(58624K), 0.0004840 secs] [Times: user=0.00 sys=0.00, real=0.00 secs] 
22.675: [GC [PSYoungGen: 16320K->64K(16000K)] 18074K->1818K(58304K), 0.0004110 secs] [Times: user=0.00 sys=0.00, real=0.00 secs] 
22.711: [GC [PSYoungGen: 15936K->64K(15552K)] 17690K->1818K(57856K), 0.0004810 secs] [Times: user=0.00 sys=0.00, real=0.00 secs] 
22.746: [GC [PSYoungGen: 15552K->0K(15296K)] 17306K->1754K(57600K), 0.0004930 secs] [Times: user=0.00 sys=0.00, real=0.00 secs] 
22.780: [GC [PSYoungGen: 15168K->64K(14912K)] 16922K->1818K(57216K), 0.0003920 secs] [Times: user=0.00 sys=0.00, real=0.00 secs] 
22.814: [GC [PSYoungGen: 14912K->32K(14656K)] 16666K->1786K(56960K), 0.0003880 secs] [Times: user=0.00 sys=0.00, real=0.00 secs] 
22.847: [GC [PSYoungGen: 14560K->32K(14272K)] 16314K->1786K(56576K), 0.0004150 secs] [Times: user=0.00 sys=0.00, real=0.00 secs] 
22.879: [GC [PSYoungGen: 14240K->64K(14016K)] 15994K->1818K(56320K), 0.0004460 secs] [Times: user=0.00 sys=0.00, real=0.00 secs] 
22.910: [GC [PSYoungGen: 13952K->96K(16832K)] 15706K->1850K(59136K), 0.0004120 secs] [Times: user=0.00 sys=0.00, real=0.00 secs] 
22.949: [GC [PSYoungGen: 16800K->64K(20160K)] 18554K->1818K(62464K), 0.0005500 secs] [Times: user=0.00 sys=0.00, real=0.00 secs] 
22.994: [GC [PSYoungGen: 20160K->64K(24192K)] 21914K->1818K(66496K), 0.0005580 secs] [Times: user=0.00 sys=0.00, real=0.00 secs] 
23.048: [GC [PSYoungGen: 24192K->0K(23552K)] 25946K->1754K(65856K), 0.0004300 secs] [Times: user=0.00 sys=0.00, real=0.00 secs] 
23.100: [GC [PSYoungGen: 23424K->64K(22848K)] 25178K->1818K(65152K), 0.0004280 secs] [Times: user=0.00 sys=0.00, real=0.00 secs] 
23.152: [GC [PSYoungGen: 22848K->64K(22272K)] 24602K->1818K(64576K), 0.0004410 secs] [Times: user=0.00 sys=0.00, real=0.00 secs] 
23.201: [GC [PSYoungGen: 22208K->64K(21568K)] 23962K->1818K(63872K), 0.0004970 secs] [Times: user=0.00 sys=0.00, real=0.00 secs] 
23.250: [GC [PSYoungGen: 21568K->64K(21056K)] 23322K->1818K(63360K), 0.0004480 secs] [Times: user=0.00 sys=0.00, real=0.00 secs] 
23.297: [GC [PSYoungGen: 20992K->64K(20416K)] 22746K->1818K(62720K), 0.0004590 secs] [Times: user=0.00 sys=0.00, real=0.00 secs] 
23.343: [GC [PSYoungGen: 20416K->64K(19968K)] 22170K->1818K(62272K), 0.0004630 secs] [Times: user=0.00 sys=0.00, real=0.00 secs] 
23.387: [GC [PSYoungGen: 19904K->64K(19392K)] 21658K->1818K(61696K), 0.0003940 secs] [Times: user=0.00 sys=0.00, real=0.00 secs] 
23.431: [GC [PSYoungGen: 19392K->64K(18944K)] 21146K->1818K(61248K), 0.0004370 secs] [Times: user=0.00 sys=0.00, real=0.00 secs] 
23.473: [GC [PSYoungGen: 18880K->96K(18496K)] 20634K->1850K(60800K), 0.0004530 secs] [Times: user=0.00 sys=0.00, real=0.00 secs] 
23.514: [GC [PSYoungGen: 18464K->96K(18048K)] 20218K->1850K(60352K), 0.0005060 secs] [Times: user=0.00 sys=0.00, real=0.00 secs] 
23.555: [GC [PSYoungGen: 18016K->64K(17536K)] 19770K->1818K(59840K), 0.0004290 secs] [Times: user=0.01 sys=0.00, real=0.00 secs] 
23.594: [GC [PSYoungGen: 17536K->64K(17152K)] 19290K->1818K(59456K), 0.0004830 secs] [Times: user=0.00 sys=0.00, real=0.00 secs] 
23.633: [GC [PSYoungGen: 17088K->96K(16768K)] 18842K->1850K(59072K), 0.0004250 secs] [Times: user=0.00 sys=0.00, real=0.00 secs] 
23.670: [GC [PSYoungGen: 16736K->96K(16384K)] 18490K->1850K(58688K), 0.0005030 secs] [Times: user=0.00 sys=0.00, real=0.00 secs] 
23.707: [GC [PSYoungGen: 16352K->64K(15936K)] 18106K->1818K(58240K), 0.0004760 secs] [Times: user=0.00 sys=0.00, real=0.00 secs] 
23.743: [GC [PSYoungGen: 15936K->64K(15616K)] 17690K->1818K(57920K), 0.0004010 secs] [Times: user=0.00 sys=0.00, real=0.00 secs] 
23.778: [GC [PSYoungGen: 15552K->64K(15232K)] 17306K->1818K(57536K), 0.0005000 secs] [Times: user=0.00 sys=0.00, real=0.00 secs] 
23.812: [GC [PSYoungGen: 15232K->64K(18368K)] 16986K->1818K(60672K), 0.0057240 secs] [Times: user=0.02 sys=0.00, real=0.00 secs] 
23.859: [GC [PSYoungGen: 18304K->32K(21952K)] 20058K->1786K(64256K), 0.0005060 secs] [Times: user=0.00 sys=0.00, real=0.00 secs] 
23.908: [GC [PSYoungGen: 21920K->64K(26432K)] 23674K->1818K(68736K), 0.0021540 secs] [Times: user=0.00 sys=0.00, real=0.00 secs] 
23.969: [GC [PSYoungGen: 26368K->32K(31680K)] 28122K->1786K(73984K), 0.0003690 secs] [Times: user=0.00 sys=0.00, real=0.00 secs] 
24.040: [GC [PSYoungGen: 31648K->64K(38080K)] 33402K->1818K(80384K), 0.0004720 secs] [Times: user=0.00 sys=0.00, real=0.00 secs] 
24.125: [GC [PSYoungGen: 38016K->64K(45632K)] 39770K->1818K(87936K), 0.0004470 secs] [Times: user=0.00 sys=0.00, real=0.00 secs] 
24.227: [GC [PSYoungGen: 45632K->32K(54848K)] 47386K->1786K(97152K), 0.0003870 secs] [Times: user=0.00 sys=0.00, real=0.00 secs] 
24.349: [GC [PSYoungGen: 54752K->32K(65728K)] 56506K->1786K(108032K), 0.0045770 secs] [Times: user=0.00 sys=0.01, real=0.01 secs] 
24.499: [GC [PSYoungGen: 65696K->64K(78976K)] 67450K->1818K(121280K), 0.0006020 secs] [Times: user=0.00 sys=0.00, real=0.00 secs] 
24.674: [GC [PSYoungGen: 78912K->0K(94720K)] 80666K->1754K(137024K), 0.0004100 secs] [Times: user=0.00 sys=0.00, real=0.00 secs] 
24.885: [GC [PSYoungGen: 94656K->64K(90752K)] 96410K->1818K(133056K), 0.0004490 secs] [Times: user=0.00 sys=0.00, real=0.00 secs] 
25.086: [GC [PSYoungGen: 90688K->32K(86848K)] 92442K->1786K(129152K), 0.0004250 secs] [Times: user=0.00 sys=0.00, real=0.00 secs] 
25.280: [GC [PSYoungGen: 86816K->64K(83264K)] 88570K->1818K(125568K), 0.0019090 secs] [Times: user=0.00 sys=0.00, real=0.00 secs] 
25.467: [GC [PSYoungGen: 83200K->64K(79744K)] 84954K->1818K(122048K), 0.0019430 secs] [Times: user=0.00 sys=0.00, real=0.00 secs] 
25.646: [GC [PSYoungGen: 79744K->64K(76544K)] 81498K->1818K(118848K), 0.0004630 secs] [Times: user=0.00 sys=0.01, real=0.00 secs] 
25.816: [GC [PSYoungGen: 76480K->64K(73344K)] 78234K->1818K(115648K), 0.0005350 secs] [Times: user=0.00 sys=0.00, real=0.00 secs] 
25.980: [GC [PSYoungGen: 73344K->64K(70400K)] 75098K->1818K(112704K), 0.0004550 secs] [Times: user=0.00 sys=0.00, real=0.00 secs] 
26.137: [GC [PSYoungGen: 70336K->32K(67520K)] 72090K->1786K(109824K), 0.0005680 secs] [Times: user=0.00 sys=0.00, real=0.00 secs] 
26.296: [GC [PSYoungGen: 67488K->32K(64896K)] 69242K->1786K(107200K), 0.0005160 secs] [Times: user=0.01 sys=0.00, real=0.00 secs] 
26.445: [GC [PSYoungGen: 64800K->32K(62272K)] 66554K->1786K(104576K), 0.0004870 secs] [Times: user=0.00 sys=0.00, real=0.01 secs] 
26.587: [GC [PSYoungGen: 62240K->64K(59904K)] 63994K->1818K(102208K), 0.0004430 secs] [Times: user=0.00 sys=0.00, real=0.00 secs] 
26.722: [GC [PSYoungGen: 59840K->64K(57536K)] 61594K->1818K(99840K), 0.0005680 secs] [Times: user=0.00 sys=0.00, real=0.01 secs] 
26.853: [GC [PSYoungGen: 57536K->96K(55360K)] 59290K->1850K(97664K), 0.0005210 secs] [Times: user=0.00 sys=0.00, real=0.00 secs] 
26.977: [GC [PSYoungGen: 55328K->32K(53184K)] 57082K->1786K(95488K), 0.0004260 secs] [Times: user=0.00 sys=0.00, real=0.00 secs] 
27.095: [GC [PSYoungGen: 53152K->32K(51264K)] 54906K->1786K(93568K), 0.0004290 secs] [Times: user=0.00 sys=0.00, real=0.00 secs] 
27.210: [GC [PSYoungGen: 51168K->64K(49280K)] 52922K->1818K(91584K), 0.0003490 secs] [Times: user=0.00 sys=0.00, real=0.00 secs] 
27.320: [GC [PSYoungGen: 49280K->32K(47488K)] 51034K->1786K(89792K), 0.0005190 secs] [Times: user=0.00 sys=0.00, real=0.00 secs] 
27.426: [GC [PSYoungGen: 47392K->32K(45696K)] 49146K->1786K(88000K), 0.0005390 secs] [Times: user=0.01 sys=0.00, real=0.00 secs] 
27.528: [GC [PSYoungGen: 45664K->64K(44096K)] 47418K->1818K(86400K), 0.0004950 secs] [Times: user=0.00 sys=0.00, real=0.00 secs] 
27.626: [GC [PSYoungGen: 44032K->32K(42432K)] 45786K->1786K(84736K), 0.0005040 secs] [Times: user=0.00 sys=0.00, real=0.00 secs] 
27.721: [GC [PSYoungGen: 42400K->32K(40960K)] 44154K->1786K(83264K), 0.0004520 secs] [Times: user=0.00 sys=0.00, real=0.00 secs] 
27.813: [GC [PSYoungGen: 40864K->32K(39488K)] 42618K->1786K(81792K), 0.0005820 secs] [Times: user=0.00 sys=0.00, real=0.00 secs] 
27.901: [GC [PSYoungGen: 39456K->64K(38208K)] 41210K->1818K(80512K), 0.0004530 secs] [Times: user=0.00 sys=0.00, real=0.00 secs] 
27.987: [GC [PSYoungGen: 38144K->32K(36864K)] 39898K->1786K(79168K), 0.0005040 secs] [Times: user=0.00 sys=0.00, real=0.00 secs] 
28.069: [GC [PSYoungGen: 36832K->64K(35648K)] 38586K->1818K(77952K), 0.0004330 secs] [Times: user=0.00 sys=0.00, real=0.00 secs] 
28.149: [GC [PSYoungGen: 35584K->64K(34368K)] 37338K->1818K(76672K), 0.0005090 secs] [Times: user=0.00 sys=0.00, real=0.00 secs] 
28.226: [GC [PSYoungGen: 34368K->32K(33280K)] 36122K->1786K(75584K), 0.0005370 secs] [Times: user=0.00 sys=0.00, real=0.00 secs] 
28.300: [GC [PSYoungGen: 33184K->64K(32128K)] 34938K->1818K(74432K), 0.0004510 secs] [Times: user=0.00 sys=0.00, real=0.00 secs] 
28.372: [GC [PSYoungGen: 32128K->32K(38656K)] 33882K->1786K(80960K), 0.0045260 secs] [Times: user=0.02 sys=0.00, real=0.01 secs] 
28.462: [GC [PSYoungGen: 38560K->96K(46400K)] 40314K->1850K(88704K), 0.0004580 secs] [Times: user=0.00 sys=0.00, real=0.01 secs] 
28.566: [GC [PSYoungGen: 46368K->64K(55616K)] 48122K->1818K(97920K), 0.0004760 secs] [Times: user=0.00 sys=0.00, real=0.00 secs] 
28.690: [GC [PSYoungGen: 55616K->32K(53504K)] 57370K->1786K(95808K), 0.0004120 secs] [Times: user=0.00 sys=0.00, real=0.00 secs] 
28.810: [GC [PSYoungGen: 53472K->96K(51520K)] 55226K->1850K(93824K), 0.0004640 secs] [Times: user=0.00 sys=0.00, real=0.00 secs] 
28.925: [GC [PSYoungGen: 51488K->0K(49536K)] 53242K->1754K(91840K), 0.0006630 secs] [Times: user=0.00 sys=0.00, real=0.00 secs] 
29.036: [GC [PSYoungGen: 49472K->32K(47744K)] 51226K->1786K(90048K), 0.0004150 secs] [Times: user=0.00 sys=0.00, real=0.00 secs] 
29.142: [GC [PSYoungGen: 47648K->32K(45952K)] 49402K->1786K(88256K), 0.0004120 secs] [Times: user=0.00 sys=0.00, real=0.00 secs] 
29.245: [GC [PSYoungGen: 45920K->32K(44352K)] 47674K->1786K(86656K), 0.0005600 secs] [Times: user=0.00 sys=0.00, real=0.00 secs] 
29.344: [GC [PSYoungGen: 44256K->32K(53184K)] 46010K->1786K(95488K), 0.0030300 secs] [Times: user=0.01 sys=0.00, real=0.00 secs] 
29.466: [GC [PSYoungGen: 53152K->64K(51264K)] 54906K->1818K(93568K), 0.0004640 secs] [Times: user=0.01 sys=0.00, real=0.00 secs] 
29.580: [GC [PSYoungGen: 51200K->64K(49280K)] 52954K->1818K(91584K), 0.0005600 secs] [Times: user=0.00 sys=0.00, real=0.00 secs] 
29.691: [GC [PSYoungGen: 49280K->32K(47488K)] 51034K->1786K(89792K), 0.0006300 secs] [Times: user=0.00 sys=0.00, real=0.00 secs] 
29.798: [GC [PSYoungGen: 47392K->32K(56896K)] 49146K->1786K(99200K), 0.0033980 secs] [Times: user=0.00 sys=0.00, real=0.00 secs] 
29.927: [GC [PSYoungGen: 56864K->32K(68352K)] 58618K->1786K(110656K), 0.0007650 secs] [Times: user=0.00 sys=0.00, real=0.00 secs] 
30.080: [GC [PSYoungGen: 68256K->64K(65536K)] 70010K->1818K(107840K), 0.0004870 secs] [Times: user=0.00 sys=0.00, real=0.00 secs] 
30.227: [GC [PSYoungGen: 65536K->32K(62976K)] 67290K->1786K(105280K), 0.0009260 secs] [Times: user=0.00 sys=0.00, real=0.00 secs] 
30.368: [GC [PSYoungGen: 62880K->64K(60416K)] 64634K->1818K(102720K), 0.0011020 secs] [Times: user=0.00 sys=0.00, real=0.00 secs] 
30.503: [GC [PSYoungGen: 60416K->96K(72576K)] 62170K->1850K(114880K), 0.0052490 secs] [Times: user=0.03 sys=0.00, real=0.00 secs] 
30.669: [GC [PSYoungGen: 72544K->32K(87040K)] 74298K->1786K(129344K), 0.0006250 secs] [Times: user=0.00 sys=0.00, real=0.00 secs] 
30.864: [GC [PSYoungGen: 87008K->64K(83456K)] 88762K->1818K(125760K), 0.0004450 secs] [Times: user=0.00 sys=0.00, real=0.00 secs] 
31.050: [GC [PSYoungGen: 83392K->96K(80000K)] 85146K->1850K(122304K), 0.0004110 secs] [Times: user=0.00 sys=0.00, real=0.00 secs] 
31.229: [GC [PSYoungGen: 79968K->96K(76672K)] 81722K->1850K(118976K), 0.0005580 secs] [Times: user=0.00 sys=0.00, real=0.00 secs] 
31.401: [GC [PSYoungGen: 76640K->64K(73472K)] 78394K->1818K(115776K), 0.0004500 secs] [Times: user=0.00 sys=0.00, real=0.00 secs] 
31.564: [GC [PSYoungGen: 73472K->32K(70528K)] 75226K->1786K(112832K), 0.0005450 secs] [Times: user=0.00 sys=0.00, real=0.00 secs] 
31.721: [GC [PSYoungGen: 70432K->96K(67712K)] 72186K->1850K(110016K), 0.0006310 secs] [Times: user=0.00 sys=0.00, real=0.00 secs] 
31.873: [GC [PSYoungGen: 67680K->64K(65088K)] 69434K->1818K(107392K), 0.0004150 secs] [Times: user=0.00 sys=0.00, real=0.00 secs] 
32.018: [GC [PSYoungGen: 64960K->64K(62400K)] 66714K->1818K(104704K), 0.0003750 secs] [Times: user=0.00 sys=0.00, real=0.00 secs] 
32.158: [GC [PSYoungGen: 62400K->96K(60032K)] 64154K->1850K(102336K), 0.0004690 secs] [Times: user=0.00 sys=0.00, real=0.00 secs] 
32.292: [GC [PSYoungGen: 60000K->32K(57664K)] 61754K->1786K(99968K), 0.0004890 secs] [Times: user=0.00 sys=0.00, real=0.00 secs] 
32.420: [GC [PSYoungGen: 57632K->0K(55424K)] 59386K->1754K(97728K), 0.0004760 secs] [Times: user=0.00 sys=0.00, real=0.00 secs] 
32.544: [GC [PSYoungGen: 55360K->64K(53312K)] 57114K->1818K(95616K), 0.0005080 secs] [Times: user=0.00 sys=0.00, real=0.00 secs] 
32.663: [GC [PSYoungGen: 53312K->96K(51328K)] 55066K->1850K(93632K), 0.0003090 secs] [Times: user=0.00 sys=0.00, real=0.00 secs] 
32.777: [GC [PSYoungGen: 51296K->64K(49344K)] 53050K->1818K(91648K), 0.0006260 secs] [Times: user=0.00 sys=0.00, real=0.00 secs] 
32.888: [GC [PSYoungGen: 49344K->96K(47552K)] 51098K->1850K(89856K), 0.0004420 secs] [Times: user=0.00 sys=0.00, real=0.00 secs] 
32.995: [GC [PSYoungGen: 47520K->96K(45824K)] 49274K->1850K(88128K), 0.0003690 secs] [Times: user=0.01 sys=0.00, real=0.00 secs] 
33.096: [GC [PSYoungGen: 45792K->32K(44096K)] 47546K->1786K(86400K), 0.0004210 secs] [Times: user=0.00 sys=0.00, real=0.00 secs] 
33.195: [GC [PSYoungGen: 44064K->64K(42496K)] 45818K->1818K(84800K), 0.0005160 secs] [Times: user=0.00 sys=0.00, real=0.00 secs] 
33.291: [GC [PSYoungGen: 42496K->32K(41088K)] 44250K->1786K(83392K), 0.0005640 secs] [Times: user=0.00 sys=0.00, real=0.00 secs] 
33.382: [GC [PSYoungGen: 40928K->96K(39552K)] 42682K->1850K(81856K), 0.0005350 secs] [Times: user=0.00 sys=0.00, real=0.01 secs] 
33.471: [GC [PSYoungGen: 39520K->96K(38208K)] 41274K->1850K(80512K), 0.0003560 secs] [Times: user=0.00 sys=0.00, real=0.00 secs] 
33.556: [GC [PSYoungGen: 38176K->64K(36864K)] 39930K->1818K(79168K), 0.0006000 secs] [Times: user=0.00 sys=0.00, real=0.00 secs] 
33.638: [GC [PSYoungGen: 36864K->96K(35712K)] 38618K->1850K(78016K), 0.0004350 secs] [Times: user=0.00 sys=0.00, real=0.00 secs] 
33.718: [GC [PSYoungGen: 35616K->96K(34432K)] 37370K->1850K(76736K), 0.0005520 secs] [Times: user=0.00 sys=0.00, real=0.00 secs] 
33.796: [GC [PSYoungGen: 34400K->64K(33216K)] 36154K->1818K(75520K), 0.0005810 secs] [Times: user=0.01 sys=0.00, real=0.00 secs] 
33.870: [GC [PSYoungGen: 33216K->96K(32192K)] 34970K->1850K(74496K), 0.0005730 secs] [Times: user=0.00 sys=0.00, real=0.00 secs] 
33.943: [GC [PSYoungGen: 32160K->64K(31104K)] 33914K->1818K(73408K), 0.0006310 secs] [Times: user=0.00 sys=0.00, real=0.00 secs] 
34.013: [GC [PSYoungGen: 31104K->32K(30080K)] 32858K->1786K(72384K), 0.0006500 secs] [Times: user=0.00 sys=0.01, real=0.00 secs] 
34.080: [GC [PSYoungGen: 30048K->64K(29248K)] 31802K->1818K(71552K), 0.0003760 secs] [Times: user=0.00 sys=0.00, real=0.00 secs] 
34.146: [GC [PSYoungGen: 29120K->64K(28224K)] 30874K->1818K(70528K), 0.0005080 secs] [Times: user=0.00 sys=0.00, real=0.00 secs] 
34.210: [GC [PSYoungGen: 28224K->64K(27392K)] 29978K->1818K(69696K), 0.0003120 secs] [Times: user=0.00 sys=0.00, real=0.00 secs] 
34.271: [GC [PSYoungGen: 27328K->64K(26496K)] 29082K->1818K(68800K), 0.0005360 secs] [Times: user=0.00 sys=0.00, real=0.00 secs] 
34.330: [GC [PSYoungGen: 26496K->96K(25792K)] 28250K->1850K(68096K), 0.0004690 secs] [Times: user=0.00 sys=0.00, real=0.00 secs] 
34.388: [GC [PSYoungGen: 25760K->32K(24960K)] 27514K->1786K(67264K), 0.0004590 secs] [Times: user=0.00 sys=0.00, real=0.00 secs] 
34.444: [GC [PSYoungGen: 24928K->64K(24320K)] 26682K->1818K(66624K), 0.0004160 secs] [Times: user=0.00 sys=0.00, real=0.00 secs] 
34.498: [GC [PSYoungGen: 24256K->96K(23616K)] 26010K->1850K(65920K), 0.0003760 secs] [Times: user=0.00 sys=0.00, real=0.00 secs] 
34.551: [GC [PSYoungGen: 23584K->64K(22912K)] 25338K->1818K(65216K), 0.0004340 secs] [Times: user=0.00 sys=0.00, real=0.00 secs] 
34.602: [GC [PSYoungGen: 22912K->96K(22336K)] 24666K->1850K(64640K), 0.0003430 secs] [Times: user=0.00 sys=0.00, real=0.00 secs] 
34.652: [GC [PSYoungGen: 22304K->64K(21632K)] 24058K->1818K(63936K), 0.0005250 secs] [Times: user=0.00 sys=0.00, real=0.00 secs] 
34.701: [GC [PSYoungGen: 21632K->32K(21056K)] 23386K->1786K(63360K), 0.0005850 secs] [Times: user=0.00 sys=0.00, real=0.00 secs] 
34.748: [GC [PSYoungGen: 21024K->64K(20544K)] 22778K->1818K(62848K), 0.0003370 secs] [Times: user=0.00 sys=0.00, real=0.00 secs] 
34.795: [GC [PSYoungGen: 20480K->32K(19968K)] 22234K->1786K(62272K), 0.0003870 secs] [Times: user=0.01 sys=0.00, real=0.00 secs] 
34.839: [GC [PSYoungGen: 19936K->96K(19520K)] 21690K->1850K(61824K), 0.0005040 secs] [Times: user=0.00 sys=0.00, real=0.00 secs] 
34.884: [GC [PSYoungGen: 19488K->32K(18944K)] 21242K->1786K(61248K), 0.0004990 secs] [Times: user=0.00 sys=0.00, real=0.00 secs] 
34.926: [GC [PSYoungGen: 18912K->96K(18496K)] 20666K->1850K(60800K), 0.0004410 secs] [Times: user=0.00 sys=0.00, real=0.00 secs] 
34.968: [GC [PSYoungGen: 18464K->64K(17984K)] 20218K->1818K(60288K), 0.0003900 secs] [Times: user=0.00 sys=0.00, real=0.00 secs] 
35.009: [GC [PSYoungGen: 17984K->0K(17536K)] 19738K->1754K(59840K), 0.0004100 secs] [Times: user=0.00 sys=0.00, real=0.00 secs] 
35.048: [GC [PSYoungGen: 17472K->64K(17088K)] 19226K->1818K(59392K), 0.0004410 secs] [Times: user=0.00 sys=0.00, real=0.00 secs] 
35.087: [GC [PSYoungGen: 17088K->32K(20608K)] 18842K->1786K(62912K), 0.0007940 secs] [Times: user=0.00 sys=0.00, real=0.00 secs] 
35.134: [GC [PSYoungGen: 20512K->32K(19968K)] 22266K->1786K(62272K), 0.0004700 secs] [Times: user=0.00 sys=0.01, real=0.00 secs] 
35.179: [GC [PSYoungGen: 19936K->64K(19520K)] 21690K->1818K(61824K), 0.0003650 secs] [Times: user=0.00 sys=0.00, real=0.00 secs] 
35.222: [GC [PSYoungGen: 19456K->32K(23360K)] 21210K->1786K(65664K), 0.0007220 secs] [Times: user=0.00 sys=0.00, real=0.00 secs] 
35.275: [GC [PSYoungGen: 23328K->0K(22784K)] 25082K->1754K(65088K), 0.0005310 secs] [Times: user=0.00 sys=0.00, real=0.00 secs] 
35.326: [GC [PSYoungGen: 22656K->64K(22080K)] 24410K->1818K(64384K), 0.0005660 secs] [Times: user=0.00 sys=0.00, real=0.00 secs] 
35.376: [GC [PSYoungGen: 22080K->64K(21568K)] 23834K->1818K(63872K), 0.0004150 secs] [Times: user=0.01 sys=0.00, real=0.00 secs] 
35.424: [GC [PSYoungGen: 21504K->32K(20928K)] 23258K->1786K(63232K), 0.0007370 secs] [Times: user=0.00 sys=0.01, real=0.00 secs] 
35.471: [GC [PSYoungGen: 20896K->0K(20416K)] 22650K->1754K(62720K), 0.0003960 secs] [Times: user=0.00 sys=0.00, real=0.00 secs] 
35.517: [GC [PSYoungGen: 20288K->64K(19840K)] 22042K->1818K(62144K), 0.0005350 secs] [Times: user=0.00 sys=0.00, real=0.00 secs] 
35.562: [GC [PSYoungGen: 19840K->32K(19392K)] 21594K->1786K(61696K), 0.0004200 secs] [Times: user=0.00 sys=0.00, real=0.01 secs] 
35.605: [GC [PSYoungGen: 19296K->96K(18880K)] 21050K->1850K(61184K), 0.0004300 secs] [Times: user=0.00 sys=0.00, real=0.00 secs] 
35.648: [GC [PSYoungGen: 18848K->32K(22592K)] 20602K->1786K(64896K), 0.0013560 secs] [Times: user=0.00 sys=0.00, real=0.00 secs] 
35.699: [GC [PSYoungGen: 22560K->96K(27200K)] 24314K->1850K(69504K), 0.0004890 secs] [Times: user=0.00 sys=0.00, real=0.00 secs] 
35.761: [GC [PSYoungGen: 27168K->64K(32704K)] 28922K->1818K(75008K), 0.0005980 secs] [Times: user=0.00 sys=0.00, real=0.00 secs] 
35.834: [GC [PSYoungGen: 32576K->64K(31488K)] 34330K->1818K(73792K), 0.0004130 secs] [Times: user=0.00 sys=0.00, real=0.00 secs] 
35.904: [GC [PSYoungGen: 31488K->64K(30528K)] 33242K->1818K(72832K), 0.0004480 secs] [Times: user=0.00 sys=0.00, real=0.00 secs] 
35.973: [GC [PSYoungGen: 30464K->32K(36544K)] 32218K->1786K(78848K), 0.0020720 secs] [Times: user=0.01 sys=0.00, real=0.00 secs] 
36.056: [GC [PSYoungGen: 36512K->64K(43904K)] 38266K->1818K(86208K), 0.0003440 secs] [Times: user=0.00 sys=0.00, real=0.00 secs] 
36.154: [GC [PSYoungGen: 43840K->96K(42304K)] 45594K->1850K(84608K), 0.0005880 secs] [Times: user=0.01 sys=0.00, real=0.00 secs] 
36.249: [GC [PSYoungGen: 42272K->64K(40768K)] 44026K->1818K(83072K), 0.0005470 secs] [Times: user=0.00 sys=0.00, real=0.00 secs] 
36.340: [GC [PSYoungGen: 40768K->64K(39360K)] 42522K->1818K(81664K), 0.0004760 secs] [Times: user=0.00 sys=0.00, real=0.00 secs] 
36.428: [GC [PSYoungGen: 39360K->64K(38080K)] 41114K->1818K(80384K), 0.0005000 secs] [Times: user=0.00 sys=0.00, real=0.00 secs] 
36.513: [GC [PSYoungGen: 38016K->64K(36736K)] 39770K->1818K(79040K), 0.0007010 secs] [Times: user=0.01 sys=0.00, real=0.00 secs] 
36.596: [GC [PSYoungGen: 36736K->64K(35584K)] 38490K->1818K(77888K), 0.0004590 secs] [Times: user=0.00 sys=0.00, real=0.00 secs] 
36.675: [GC [PSYoungGen: 35520K->64K(34304K)] 37274K->1818K(76608K), 0.0004930 secs] [Times: user=0.00 sys=0.00, real=0.00 secs] 
36.752: [GC [PSYoungGen: 34304K->32K(33216K)] 36058K->1786K(75520K), 0.0004850 secs] [Times: user=0.01 sys=0.00, real=0.01 secs] 
36.826: [GC [PSYoungGen: 33120K->64K(32064K)] 34874K->1818K(74368K), 0.0006070 secs] [Times: user=0.00 sys=0.00, real=0.00 secs] 
36.899: [GC [PSYoungGen: 32064K->64K(31104K)] 33818K->1818K(73408K), 0.0003330 secs] [Times: user=0.00 sys=0.00, real=0.00 secs] 
36.969: [GC [PSYoungGen: 31040K->96K(30080K)] 32794K->1850K(72384K), 0.0005510 secs] [Times: user=0.00 sys=0.00, real=0.00 secs] 
37.036: [GC [PSYoungGen: 30048K->96K(29120K)] 31802K->1850K(71424K), 0.0005400 secs] [Times: user=0.01 sys=0.00, real=0.00 secs] 
37.101: [GC [PSYoungGen: 29088K->64K(28160K)] 30842K->1818K(70464K), 0.0004630 secs] [Times: user=0.00 sys=0.00, real=0.00 secs] 
37.165: [GC [PSYoungGen: 28160K->64K(27328K)] 29914K->1818K(69632K), 0.0004070 secs] [Times: user=0.01 sys=0.00, real=0.00 secs] 
37.225: [GC [PSYoungGen: 27264K->32K(26432K)] 29018K->1786K(68736K), 0.0004340 secs] [Times: user=0.00 sys=0.00, real=0.00 secs] 
37.285: [GC [PSYoungGen: 26400K->64K(25728K)] 28154K->1818K(68032K), 0.0004810 secs] [Times: user=0.00 sys=0.00, real=0.00 secs] 
37.343: [GC [PSYoungGen: 25664K->96K(24960K)] 27418K->1850K(67264K), 0.0004730 secs] [Times: user=0.00 sys=0.00, real=0.00 secs] 
37.399: [GC [PSYoungGen: 24928K->64K(24192K)] 26682K->1818K(66496K), 0.0004000 secs] [Times: user=0.00 sys=0.00, real=0.00 secs] 
37.453: [GC [PSYoungGen: 24192K->96K(23552K)] 25946K->1850K(65856K), 0.0003500 secs] [Times: user=0.00 sys=0.00, real=0.00 secs] 
37.506: [GC [PSYoungGen: 23520K->96K(22912K)] 25274K->1850K(65216K), 0.0005870 secs] [Times: user=0.01 sys=0.00, real=0.00 secs] 
37.557: [GC [PSYoungGen: 22880K->64K(22208K)] 24634K->1826K(64512K), 0.0005100 secs] [Times: user=0.00 sys=0.00, real=0.00 secs] 
37.607: [GC [PSYoungGen: 22208K->64K(21632K)] 23970K->1826K(63936K), 0.0005270 secs] [Times: user=0.00 sys=0.00, real=0.00 secs] 
37.656: [GC [PSYoungGen: 21568K->32K(20992K)] 23330K->1794K(63296K), 0.0004770 secs] [Times: user=0.00 sys=0.00, real=0.00 secs] 
37.703: [GC [PSYoungGen: 20960K->96K(20480K)] 22722K->1858K(62784K), 0.0003540 secs] [Times: user=0.00 sys=0.00, real=0.00 secs] 
37.749: [GC [PSYoungGen: 20448K->64K(19904K)] 22210K->1826K(62208K), 0.0005730 secs] [Times: user=0.00 sys=0.00, real=0.00 secs] 
37.794: [GC [PSYoungGen: 19904K->32K(19456K)] 21666K->1794K(61760K), 0.0004730 secs] [Times: user=0.00 sys=0.00, real=0.00 secs] 
37.837: [GC [PSYoungGen: 19360K->96K(18944K)] 21122K->1858K(61248K), 0.0003370 secs] [Times: user=0.00 sys=0.00, real=0.00 secs] 
37.880: [GC [PSYoungGen: 18912K->64K(18432K)] 20674K->1826K(60736K), 0.0005200 secs] [Times: user=0.00 sys=0.00, real=0.00 secs] 
37.921: [GC [PSYoungGen: 18432K->32K(17984K)] 20194K->1794K(60288K), 0.0006240 secs] [Times: user=0.00 sys=0.00, real=0.00 secs] 
37.963: [GC [PSYoungGen: 17952K->64K(17600K)] 19714K->1826K(59904K), 0.0004260 secs] [Times: user=0.00 sys=0.00, real=0.01 secs] 
38.002: [GC [PSYoungGen: 17536K->96K(17152K)] 19298K->1858K(59456K), 0.0004550 secs] [Times: user=0.01 sys=0.00, real=0.01 secs] 
38.041: [GC [PSYoungGen: 17120K->32K(20544K)] 18882K->1794K(62848K), 0.0046840 secs] [Times: user=0.00 sys=0.00, real=0.01 secs] 
38.091: [GC [PSYoungGen: 20512K->32K(24640K)] 22274K->1794K(66944K), 0.0006720 secs] [Times: user=0.00 sys=0.00, real=0.00 secs] 
38.147: [GC [PSYoungGen: 24608K->32K(29632K)] 26370K->1794K(71936K), 0.0006810 secs] [Times: user=0.00 sys=0.00, real=0.00 secs] 
38.214: [GC [PSYoungGen: 29536K->32K(35520K)] 31298K->1794K(77824K), 0.0006260 secs] [Times: user=0.00 sys=0.00, real=0.01 secs] 
38.295: [GC [PSYoungGen: 35488K->32K(42688K)] 37250K->1794K(84992K), 0.0003770 secs] [Times: user=0.00 sys=0.00, real=0.01 secs] 
38.391: [GC [PSYoungGen: 42592K->64K(51136K)] 44354K->1826K(93440K), 0.0004420 secs] [Times: user=0.00 sys=0.00, real=0.00 secs] 
38.506: [GC [PSYoungGen: 51136K->64K(61440K)] 52898K->1826K(103744K), 0.0004140 secs] [Times: user=0.01 sys=0.00, real=0.00 secs] 
38.644: [GC [PSYoungGen: 61376K->32K(58944K)] 63138K->1794K(101248K), 0.0005390 secs] [Times: user=0.00 sys=0.00, real=0.01 secs] 
38.778: [GC [PSYoungGen: 58912K->32K(56704K)] 60674K->1794K(99008K), 0.0005280 secs] [Times: user=0.00 sys=0.00, real=0.00 secs] 
38.906: [GC [PSYoungGen: 56608K->64K(54464K)] 58370K->1826K(96768K), 0.0004640 secs] [Times: user=0.00 sys=0.00, real=0.00 secs] 
39.029: [GC [PSYoungGen: 54464K->64K(52480K)] 56226K->1826K(94784K), 0.0004390 secs] [Times: user=0.00 sys=0.00, real=0.00 secs] 
39.149: [GC [PSYoungGen: 52416K->0K(50432K)] 54178K->1762K(92736K), 0.0004400 secs] [Times: user=0.00 sys=0.00, real=0.00 secs] 
39.263: [GC [PSYoungGen: 50368K->32K(48640K)] 52130K->1794K(90944K), 0.0004370 secs] [Times: user=0.00 sys=0.00, real=0.01 secs] 
39.372: [GC [PSYoungGen: 48544K->32K(46784K)] 50306K->1794K(89088K), 0.0005880 secs] [Times: user=0.00 sys=0.01, real=0.01 secs] 
39.477: [GC [PSYoungGen: 46752K->32K(45120K)] 48514K->1794K(87424K), 0.0004800 secs] [Times: user=0.00 sys=0.00, real=0.00 secs] 
39.577: [GC [PSYoungGen: 45024K->64K(43456K)] 46786K->1826K(85760K), 0.0005130 secs] [Times: user=0.00 sys=0.00, real=0.00 secs] 
39.674: [GC [PSYoungGen: 43456K->32K(41984K)] 45218K->1794K(84288K), 0.0005310 secs] [Times: user=0.00 sys=0.00, real=0.00 secs] 
39.767: [GC [PSYoungGen: 41888K->32K(40448K)] 43650K->1794K(82752K), 0.0007800 secs] [Times: user=0.00 sys=0.00, real=0.00 secs] 
39.858: [GC [PSYoungGen: 40416K->64K(39104K)] 42178K->1826K(81408K), 0.0014780 secs] [Times: user=0.00 sys=0.00, real=0.00 secs] 
39.947: [GC [PSYoungGen: 39040K->32K(46848K)] 40802K->1794K(89152K), 0.0047430 secs] [Times: user=0.00 sys=0.00, real=0.00 secs] 
40.056: [GC [PSYoungGen: 46816K->32K(56320K)] 48578K->1794K(98624K), 0.0006170 secs] [Times: user=0.00 sys=0.00, real=0.00 secs] 
40.182: [GC [PSYoungGen: 56224K->32K(67520K)] 57986K->1794K(109824K), 0.0007010 secs] [Times: user=0.01 sys=0.00, real=0.01 secs] 
40.332: [GC [PSYoungGen: 67488K->64K(64896K)] 69250K->1826K(107200K), 0.0003830 secs] [Times: user=0.00 sys=0.00, real=0.00 secs] 
40.479: [GC [PSYoungGen: 64832K->32K(62272K)] 66594K->1794K(104576K), 0.0005790 secs] [Times: user=0.00 sys=0.00, real=0.00 secs] 
40.618: [GC [PSYoungGen: 62240K->32K(59904K)] 64002K->1794K(102208K), 0.0008530 secs] [Times: user=0.00 sys=0.00, real=0.00 secs] 
40.753: [GC [PSYoungGen: 59808K->64K(57536K)] 61570K->1826K(99840K), 0.0004990 secs] [Times: user=0.00 sys=0.00, real=0.00 secs] 
